Archive member included to satisfy reference by file (symbol)

/opt/st/stm32cubeide_1.6.1/plugins/com.st.stm32cube.ide.mcu.externaltools.gnu-tools-for-stm32.9-2020-q2-update.linux64_1.5.0.202011040924/tools/bin/../lib/gcc/arm-none-eabi/9.3.1/../../../../arm-none-eabi/lib/thumb/v6-m/nofp/libc_nano.a(lib_a-errno.o)
                              Core/Src/StepMotorLib.o (__errno)
/opt/st/stm32cubeide_1.6.1/plugins/com.st.stm32cube.ide.mcu.externaltools.gnu-tools-for-stm32.9-2020-q2-update.linux64_1.5.0.202011040924/tools/bin/../lib/gcc/arm-none-eabi/9.3.1/../../../../arm-none-eabi/lib/thumb/v6-m/nofp/libc_nano.a(lib_a-exit.o)
                              /opt/st/stm32cubeide_1.6.1/plugins/com.st.stm32cube.ide.mcu.externaltools.gnu-tools-for-stm32.9-2020-q2-update.linux64_1.5.0.202011040924/tools/bin/../lib/gcc/arm-none-eabi/9.3.1/../../../../arm-none-eabi/lib/thumb/v6-m/nofp/crt0.o (exit)
/opt/st/stm32cubeide_1.6.1/plugins/com.st.stm32cube.ide.mcu.externaltools.gnu-tools-for-stm32.9-2020-q2-update.linux64_1.5.0.202011040924/tools/bin/../lib/gcc/arm-none-eabi/9.3.1/../../../../arm-none-eabi/lib/thumb/v6-m/nofp/libc_nano.a(lib_a-impure.o)
                              /opt/st/stm32cubeide_1.6.1/plugins/com.st.stm32cube.ide.mcu.externaltools.gnu-tools-for-stm32.9-2020-q2-update.linux64_1.5.0.202011040924/tools/bin/../lib/gcc/arm-none-eabi/9.3.1/../../../../arm-none-eabi/lib/thumb/v6-m/nofp/libc_nano.a(lib_a-exit.o) (_global_impure_ptr)
/opt/st/stm32cubeide_1.6.1/plugins/com.st.stm32cube.ide.mcu.externaltools.gnu-tools-for-stm32.9-2020-q2-update.linux64_1.5.0.202011040924/tools/bin/../lib/gcc/arm-none-eabi/9.3.1/../../../../arm-none-eabi/lib/thumb/v6-m/nofp/libc_nano.a(lib_a-init.o)
                              /opt/st/stm32cubeide_1.6.1/plugins/com.st.stm32cube.ide.mcu.externaltools.gnu-tools-for-stm32.9-2020-q2-update.linux64_1.5.0.202011040924/tools/bin/../lib/gcc/arm-none-eabi/9.3.1/../../../../arm-none-eabi/lib/thumb/v6-m/nofp/crt0.o (__libc_init_array)
/opt/st/stm32cubeide_1.6.1/plugins/com.st.stm32cube.ide.mcu.externaltools.gnu-tools-for-stm32.9-2020-q2-update.linux64_1.5.0.202011040924/tools/bin/../lib/gcc/arm-none-eabi/9.3.1/../../../../arm-none-eabi/lib/thumb/v6-m/nofp/libc_nano.a(lib_a-memcpy-stub.o)
                              Core/Src/StepMotorLib.o (memcpy)
/opt/st/stm32cubeide_1.6.1/plugins/com.st.stm32cube.ide.mcu.externaltools.gnu-tools-for-stm32.9-2020-q2-update.linux64_1.5.0.202011040924/tools/bin/../lib/gcc/arm-none-eabi/9.3.1/../../../../arm-none-eabi/lib/thumb/v6-m/nofp/libc_nano.a(lib_a-memset.o)
                              /opt/st/stm32cubeide_1.6.1/plugins/com.st.stm32cube.ide.mcu.externaltools.gnu-tools-for-stm32.9-2020-q2-update.linux64_1.5.0.202011040924/tools/bin/../lib/gcc/arm-none-eabi/9.3.1/../../../../arm-none-eabi/lib/thumb/v6-m/nofp/crt0.o (memset)
/opt/st/stm32cubeide_1.6.1/plugins/com.st.stm32cube.ide.mcu.externaltools.gnu-tools-for-stm32.9-2020-q2-update.linux64_1.5.0.202011040924/tools/bin/../lib/gcc/arm-none-eabi/9.3.1/thumb/v6-m/nofp/libgcc.a(_udivsi3.o)
                              Core/Src/axis.o (__aeabi_uidiv)
/opt/st/stm32cubeide_1.6.1/plugins/com.st.stm32cube.ide.mcu.externaltools.gnu-tools-for-stm32.9-2020-q2-update.linux64_1.5.0.202011040924/tools/bin/../lib/gcc/arm-none-eabi/9.3.1/thumb/v6-m/nofp/libgcc.a(_divsi3.o)
                              Core/Src/axis.o (__aeabi_idiv)
/opt/st/stm32cubeide_1.6.1/plugins/com.st.stm32cube.ide.mcu.externaltools.gnu-tools-for-stm32.9-2020-q2-update.linux64_1.5.0.202011040924/tools/bin/../lib/gcc/arm-none-eabi/9.3.1/thumb/v6-m/nofp/libgcc.a(_dvmd_tls.o)
                              /opt/st/stm32cubeide_1.6.1/plugins/com.st.stm32cube.ide.mcu.externaltools.gnu-tools-for-stm32.9-2020-q2-update.linux64_1.5.0.202011040924/tools/bin/../lib/gcc/arm-none-eabi/9.3.1/thumb/v6-m/nofp/libgcc.a(_udivsi3.o) (__aeabi_idiv0)

Discarded input sections

 .text          0x0000000000000000        0x0 /opt/st/stm32cubeide_1.6.1/plugins/com.st.stm32cube.ide.mcu.externaltools.gnu-tools-for-stm32.9-2020-q2-update.linux64_1.5.0.202011040924/tools/bin/../lib/gcc/arm-none-eabi/9.3.1/thumb/v6-m/nofp/crti.o
 .data          0x0000000000000000        0x0 /opt/st/stm32cubeide_1.6.1/plugins/com.st.stm32cube.ide.mcu.externaltools.gnu-tools-for-stm32.9-2020-q2-update.linux64_1.5.0.202011040924/tools/bin/../lib/gcc/arm-none-eabi/9.3.1/thumb/v6-m/nofp/crti.o
 .bss           0x0000000000000000        0x0 /opt/st/stm32cubeide_1.6.1/plugins/com.st.stm32cube.ide.mcu.externaltools.gnu-tools-for-stm32.9-2020-q2-update.linux64_1.5.0.202011040924/tools/bin/../lib/gcc/arm-none-eabi/9.3.1/thumb/v6-m/nofp/crti.o
 .data          0x0000000000000000        0x4 /opt/st/stm32cubeide_1.6.1/plugins/com.st.stm32cube.ide.mcu.externaltools.gnu-tools-for-stm32.9-2020-q2-update.linux64_1.5.0.202011040924/tools/bin/../lib/gcc/arm-none-eabi/9.3.1/thumb/v6-m/nofp/crtbegin.o
[...]
Memory Configuration

Name             Origin             Length             Attributes
RAM              0x0000000020000000 0x0000000000002000 xrw
FLASH            0x0000000008000000 0x0000000000010000 xr
*default*        0x0000000000000000 0xffffffffffffffff

Linker script and memory map

LOAD /opt/st/stm32cubeide_1.6.1/plugins/com.st.stm32cube.ide.mcu.externaltools.gnu-tools-for-stm32.9-2020-q2-update.linux64_1.5.0.202011040924/tools/bin/../lib/gcc/arm-none-eabi/9.3.1/thumb/v6-m/nofp/crti.o
LOAD /opt/st/stm32cubeide_1.6.1/plugins/com.st.stm32cube.ide.mcu.externaltools.gnu-tools-for-stm32.9-2020-q2-update.linux64_1.5.0.202011040924/tools/bin/../lib/gcc/arm-none-eabi/9.3.1/thumb/v6-m/nofp/crtbegin.o
LOAD /opt/st/stm32cubeide_1.6.1/plugins/com.st.stm32cube.ide.mcu.externaltools.gnu-tools-for-stm32.9-2020-q2-update.linux64_1.5.0.202011040924/tools/bin/../lib/gcc/arm-none-eabi/9.3.1/../../../../arm-none-eabi/lib/thumb/v6-m/nofp/crt0.o
LOAD Core/Src/StepMotorLib.o
LOAD Core/Src/StepMotorParams.o
LOAD Core/Src/axis.o
LOAD Core/Src/dma.o
LOAD Core/Src/gpio.o
LOAD Core/Src/main.o
LOAD Core/Src/stm32f0xx_it.o
LOAD Core/Src/syscalls.o
LOAD Core/Src/sysmem.o
LOAD Core/Src/system_stm32f0xx.o
LOAD Core/Src/tim.o
LOAD Core/Src/usart.o
LOAD Core/Startup/startup_stm32f051r8tx.o
LOAD Drivers/STM32F0xx_HAL_Driver/Src/stm32f0xx_ll_dma.o
LOAD Drivers/STM32F0xx_HAL_Driver/Src/stm32f0xx_ll_exti.o
LOAD Drivers/STM32F0xx_HAL_Driver/Src/stm32f0xx_ll_gpio.o
LOAD Drivers/STM32F0xx_HAL_Driver/Src/stm32f0xx_ll_pwr.o
LOAD Drivers/STM32F0xx_HAL_Driver/Src/stm32f0xx_ll_rcc.o
LOAD Drivers/STM32F0xx_HAL_Driver/Src/stm32f0xx_ll_tim.o
LOAD Drivers/STM32F0xx_HAL_Driver/Src/stm32f0xx_ll_usart.o
LOAD Drivers/STM32F0xx_HAL_Driver/Src/stm32f0xx_ll_utils.o
START GROUP
LOAD /opt/st/stm32cubeide_1.6.1/plugins/com.st.stm32cube.ide.mcu.externaltools.gnu-tools-for-stm32.9-2020-q2-update.linux64_1.5.0.202011040924/tools/bin/../lib/gcc/arm-none-eabi/9.3.1/../../../../arm-none-eabi/lib/thumb/v6-m/nofp/libc_nano.a
LOAD /opt/st/stm32cubeide_1.6.1/plugins/com.st.stm32cube.ide.mcu.externaltools.gnu-tools-for-stm32.9-2020-q2-update.linux64_1.5.0.202011040924/tools/bin/../lib/gcc/arm-none-eabi/9.3.1/../../../../arm-none-eabi/lib/thumb/v6-m/nofp/libm.a
END GROUP
START GROUP
LOAD /opt/st/stm32cubeide_1.6.1/plugins/com.st.stm32cube.ide.mcu.externaltools.gnu-tools-for-stm32.9-2020-q2-update.linux64_1.5.0.202011040924/tools/bin/../lib/gcc/arm-none-eabi/9.3.1/thumb/v6-m/nofp/libgcc.a
LOAD /opt/st/stm32cubeide_1.6.1/plugins/com.st.stm32cube.ide.mcu.externaltools.gnu-tools-for-stm32.9-2020-q2-update.linux64_1.5.0.202011040924/tools/bin/../lib/gcc/arm-none-eabi/9.3.1/../../../../arm-none-eabi/lib/thumb/v6-m/nofp/libc_nano.a
END GROUP
START GROUP
LOAD /opt/st/stm32cubeide_1.6.1/plugins/com.st.stm32cube.ide.mcu.externaltools.gnu-tools-for-stm32.9-2020-q2-update.linux64_1.5.0.202011040924/tools/bin/../lib/gcc/arm-none-eabi/9.3.1/thumb/v6-m/nofp/libgcc.a
LOAD /opt/st/stm32cubeide_1.6.1/plugins/com.st.stm32cube.ide.mcu.externaltools.gnu-tools-for-stm32.9-2020-q2-update.linux64_1.5.0.202011040924/tools/bin/../lib/gcc/arm-none-eabi/9.3.1/../../../../arm-none-eabi/lib/thumb/v6-m/nofp/libc_nano.a
LOAD /opt/st/stm32cubeide_1.6.1/plugins/com.st.stm32cube.ide.mcu.externaltools.gnu-tools-for-stm32.9-2020-q2-update.linux64_1.5.0.202011040924/tools/bin/../lib/gcc/arm-none-eabi/9.3.1/../../../../arm-none-eabi/lib/thumb/v6-m/nofp/libnosys.a
END GROUP
START GROUP
LOAD /opt/st/stm32cubeide_1.6.1/plugins/com.st.stm32cube.ide.mcu.externaltools.gnu-tools-for-stm32.9-2020-q2-update.linux64_1.5.0.202011040924/tools/bin/../lib/gcc/arm-none-eabi/9.3.1/thumb/v6-m/nofp/libgcc.a
LOAD /opt/st/stm32cubeide_1.6.1/plugins/com.st.stm32cube.ide.mcu.externaltools.gnu-tools-for-stm32.9-2020-q2-update.linux64_1.5.0.202011040924/tools/bin/../lib/gcc/arm-none-eabi/9.3.1/../../../../arm-none-eabi/lib/thumb/v6-m/nofp/libc_nano.a
LOAD /opt/st/stm32cubeide_1.6.1/plugins/com.st.stm32cube.ide.mcu.externaltools.gnu-tools-for-stm32.9-2020-q2-update.linux64_1.5.0.202011040924/tools/bin/../lib/gcc/arm-none-eabi/9.3.1/../../../../arm-none-eabi/lib/thumb/v6-m/nofp/libnosys.a
END GROUP
LOAD /opt/st/stm32cubeide_1.6.1/plugins/com.st.stm32cube.ide.mcu.externaltools.gnu-tools-for-stm32.9-2020-q2-update.linux64_1.5.0.202011040924/tools/bin/../lib/gcc/arm-none-eabi/9.3.1/thumb/v6-m/nofp/crtend.o
LOAD /opt/st/stm32cubeide_1.6.1/plugins/com.st.stm32cube.ide.mcu.externaltools.gnu-tools-for-stm32.9-2020-q2-update.linux64_1.5.0.202011040924/tools/bin/../lib/gcc/arm-none-eabi/9.3.1/thumb/v6-m/nofp/crtn.o
                0x0000000020002000                _estack = (ORIGIN (RAM) + LENGTH (RAM))
                0x0000000000000200                _Min_Heap_Size = 0x200
                0x0000000000000400                _Min_Stack_Size = 0x400

.isr_vector     0x0000000008000000       0xc0
                0x0000000008000000                . = ALIGN (0x4)
 *(.isr_vector)
 .isr_vector    0x0000000008000000       0xc0 Core/Startup/startup_stm32f051r8tx.o
                0x0000000008000000                g_pfnVectors
                0x00000000080000c0                . = ALIGN (0x4)

.text           0x00000000080000c0     0x39c0
                0x00000000080000c0                . = ALIGN (0x4)
 *(.text)
 .text          0x00000000080000c0       0x48 /opt/st/stm32cubeide_1.6.1/plugins/com.st.stm32cube.ide.mcu.externaltools.gnu-tools-for-stm32.9-2020-q2-update.linux64_1.5.0.202011040924/tools/bin/../lib/gcc/arm-none-eabi/9.3.1/thumb/v6-m/nofp/crtbegin.o
 .text          0x0000000008000108      0x114 /opt/st/stm32cubeide_1.6.1/plugins/com.st.stm32cube.ide.mcu.externaltools.gnu-tools-for-stm32.9-2020-q2-update.linux64_1.5.0.202011040924/tools/bin/../lib/gcc/arm-none-eabi/9.3.1/thumb/v6-m/nofp/libgcc.a(_udivsi3.o)
                0x0000000008000108                __udivsi3
                0x0000000008000108                __aeabi_uidiv
                0x0000000008000214                __aeabi_uidivmod
 .text          0x000000000800021c      0x1d4 /opt/st/stm32cubeide_1.6.1/plugins/com.st.stm32cube.ide.mcu.externaltools.gnu-tools-for-stm32.9-2020-q2-update.linux64_1.5.0.202011040924/tools/bin/../lib/gcc/arm-none-eabi/9.3.1/thumb/v6-m/nofp/libgcc.a(_divsi3.o)
                0x000000000800021c                __aeabi_idiv
                0x000000000800021c                __divsi3
                0x00000000080003e8                __aeabi_idivmod
 .text          0x00000000080003f0        0x4 /opt/st/stm32cubeide_1.6.1/plugins/com.st.stm32cube.ide.mcu.externaltools.gnu-tools-for-stm32.9-2020-q2-update.linux64_1.5.0.202011040924/tools/bin/../lib/gcc/arm-none-eabi/9.3.1/thumb/v6-m/nofp/libgcc.a(_dvmd_tls.o)
                0x00000000080003f0                __aeabi_ldiv0
                0x00000000080003f0                __aeabi_idiv0
 *(.text*)
 .text.LL_TIM_CC_EnableChannel
                0x00000000080003f4       0x1e Core/Src/StepMotorLib.o
 .text.LL_TIM_CC_DisableChannel
                0x0000000008000412       0x20 Core/Src/StepMotorLib.o
 *fill*         0x0000000008000432        0x2 
 .text.LL_TIM_OC_EnablePreload
                0x0000000008000434       0x90 Core/Src/StepMotorLib.o
 .text.LL_TIM_OC_DisablePreload
                0x00000000080004c4       0x94 Core/Src/StepMotorLib.o
 .text.LL_TIM_OC_SetCompareCH1
                0x0000000008000558       0x18 Core/Src/StepMotorLib.o
 .text.LL_TIM_OC_SetCompareCH2
                0x0000000008000570       0x18 Core/Src/StepMotorLib.o
 .text.LL_TIM_OC_SetCompareCH3
                0x0000000008000588       0x18 Core/Src/StepMotorLib.o
 .text.LL_GPIO_SetOutputPin
                0x00000000080005a0       0x18 Core/Src/StepMotorLib.o
 .text.LL_GPIO_ResetOutputPin
                0x00000000080005b8       0x18 Core/Src/StepMotorLib.o
 .text.SM_Wire_Verificator
                0x00000000080005d0       0x30 Core/Src/StepMotorLib.o
 .text.SM_Timer_Channel_Verificator
                0x0000000008000600       0x30 Core/Src/StepMotorLib.o
 .text.SM_Step_Motor_Verificator
                0x0000000008000630       0x44 Core/Src/StepMotorLib.o
 .text.SM_Enable
                0x0000000008000674       0x20 Core/Src/StepMotorLib.o
 .text.SM_Set_Dir_ClockWise
                0x0000000008000694       0x20 Core/Src/StepMotorLib.o
 .text.SM_Set_Dir_CounterClockWise
                0x00000000080006b4       0x20 Core/Src/StepMotorLib.o
 .text.SM_Set_Direction
                0x00000000080006d4       0x30 Core/Src/StepMotorLib.o
 .text.SM_Disable_TIM_Channel
                0x0000000008000704       0x24 Core/Src/StepMotorLib.o
                0x0000000008000704                SM_Disable_TIM_Channel
 .text.ST_Step_Driver
                0x0000000008000728      0x22c Core/Src/StepMotorLib.o
                0x0000000008000728                ST_Step_Driver
 .text.SM_Driver_Reset_Step_Motors
                0x0000000008000954       0x1c Core/Src/StepMotorLib.o
                0x0000000008000954                SM_Driver_Reset_Step_Motors
 .text.SM_Driver_Reset_Unit_Tasks
                0x0000000008000970       0x1c Core/Src/StepMotorLib.o
                0x0000000008000970                SM_Driver_Reset_Unit_Tasks
 .text.SM_Driver_Reset_Counters
                0x000000000800098c       0x38 Core/Src/StepMotorLib.o
                0x000000000800098c                SM_Driver_Reset_Counters
 .text.SM_Driver_Reset_All
                0x00000000080009c4       0x16 Core/Src/StepMotorLib.o
                0x00000000080009c4                SM_Driver_Reset_All
 *fill*         0x00000000080009da        0x2 
 .text.SM_Driver_Init_Step_Motor
                0x00000000080009dc       0x64 Core/Src/StepMotorLib.o
                0x00000000080009dc                SM_Driver_Init_Step_Motor
 .text.SM_Driver_Verifier
                0x0000000008000a40       0x48 Core/Src/StepMotorLib.o
                0x0000000008000a40                SM_Driver_Verifier
 .text.SM_Driver_Set_Direction
                0x0000000008000a88       0x3c Core/Src/StepMotorLib.o
                0x0000000008000a88                SM_Driver_Set_Direction
 .text.SM_Driver_Enable_Step_Motors
                0x0000000008000ac4       0x18 Core/Src/StepMotorLib.o
                0x0000000008000ac4                SM_Driver_Enable_Step_Motors
 .text.SM_Driver_Set_Task
                0x0000000008000adc       0x68 Core/Src/StepMotorLib.o
                0x0000000008000adc                SM_Driver_Set_Task
 .text.LL_TIM_DisableCounter
                0x0000000008000b44       0x1e Core/Src/StepMotorParams.o
 *fill*         0x0000000008000b62        0x2 
 .text.InitializeDriverStepMotors
                0x0000000008000b64       0xe4 Core/Src/StepMotorParams.o
                0x0000000008000b64                InitializeDriverStepMotors
 .text.LL_TIM_EnableCounter
                0x0000000008000c48       0x1c Core/Src/axis.o
 .text.DeltaTime2TimerTick
                0x0000000008000c64       0x28 Core/Src/axis.o
 .text.AxisRotate
                0x0000000008000c8c       0x98 Core/Src/axis.o
                0x0000000008000c8c                AxisRotate
 .text.__NVIC_EnableIRQ
                0x0000000008000d24       0x34 Core/Src/dma.o
 .text.__NVIC_SetPriority
                0x0000000008000d58       0xdc Core/Src/dma.o
 .text.LL_DMA_DisableChannel
                0x0000000008000e34       0x3c Core/Src/dma.o
 .text.LL_DMA_ClearFlag_GI4
                0x0000000008000e70       0x18 Core/Src/dma.o
 .text.LL_DMA_ClearFlag_GI5
                0x0000000008000e88       0x18 Core/Src/dma.o
 .text.LL_DMA_ClearFlag_TC4
                0x0000000008000ea0       0x18 Core/Src/dma.o
 .text.LL_DMA_ClearFlag_TC5
                0x0000000008000eb8       0x18 Core/Src/dma.o
 .text.LL_DMA_ClearFlag_TE4
                0x0000000008000ed0       0x18 Core/Src/dma.o
 .text.LL_DMA_ClearFlag_TE5
                0x0000000008000ee8       0x18 Core/Src/dma.o
 .text.LL_DMA_EnableIT_TC
                0x0000000008000f00       0x3c Core/Src/dma.o
 .text.LL_DMA_EnableIT_TE
                0x0000000008000f3c       0x3c Core/Src/dma.o
 .text.LL_AHB1_GRP1_EnableClock
                0x0000000008000f78       0x2c Core/Src/dma.o
 .text.LL_USART_EnableDMAReq_RX
                0x0000000008000fa4       0x1c Core/Src/dma.o
 .text.LL_USART_EnableDMAReq_TX
                0x0000000008000fc0       0x1c Core/Src/dma.o
 .text.MX_DMA_Init
                0x0000000008000fdc       0xc4 Core/Src/dma.o
                0x0000000008000fdc                MX_DMA_Init
 .text.LL_AHB1_GRP1_EnableClock
                0x00000000080010a0       0x2c Core/Src/gpio.o
 .text.LL_SYSCFG_SetEXTISource
                0x00000000080010cc       0x4c Core/Src/gpio.o
 .text.LL_GPIO_SetPinMode
                0x0000000008001118       0x38 Core/Src/gpio.o
 .text.LL_GPIO_SetPinPull
                0x0000000008001150       0x38 Core/Src/gpio.o
 .text.LL_GPIO_SetOutputPin
                0x0000000008001188       0x18 Core/Src/gpio.o
 .text.LL_GPIO_ResetOutputPin
                0x00000000080011a0       0x18 Core/Src/gpio.o
 .text.MX_GPIO_Init
                0x00000000080011b8      0x1d0 Core/Src/gpio.o
                0x00000000080011b8                MX_GPIO_Init
 .text.LL_RCC_HSI_Enable
                0x0000000008001388       0x1c Core/Src/main.o
 .text.LL_RCC_HSI_IsReady
                0x00000000080013a4       0x20 Core/Src/main.o
 .text.LL_RCC_HSI_SetCalibTrimming
                0x00000000080013c4       0x28 Core/Src/main.o
 .text.LL_RCC_SetSysClkSource
                0x00000000080013ec       0x28 Core/Src/main.o
 .text.LL_RCC_GetSysClkSource
                0x0000000008001414       0x18 Core/Src/main.o
 .text.LL_RCC_SetAHBPrescaler
                0x000000000800142c       0x28 Core/Src/main.o
 .text.LL_RCC_SetAPB1Prescaler
                0x0000000008001454       0x2c Core/Src/main.o
 .text.LL_RCC_SetUSARTClockSource
                0x0000000008001480       0x34 Core/Src/main.o
 .text.LL_RCC_PLL_Enable
                0x00000000080014b4       0x1c Core/Src/main.o
 .text.LL_RCC_PLL_IsReady
                0x00000000080014d0       0x28 Core/Src/main.o
 .text.LL_RCC_PLL_ConfigDomain_SYS
                0x00000000080014f8       0x4c Core/Src/main.o
 .text.LL_APB1_GRP1_EnableClock
                0x0000000008001544       0x2c Core/Src/main.o
 .text.LL_APB1_GRP2_EnableClock
                0x0000000008001570       0x2c Core/Src/main.o
 .text.LL_FLASH_SetLatency
                0x000000000800159c       0x28 Core/Src/main.o
 .text.LL_FLASH_GetLatency
                0x00000000080015c4       0x18 Core/Src/main.o
 .text.LL_TIM_DisableCounter
                0x00000000080015dc       0x1e Core/Src/main.o
 .text.LL_TIM_ClearFlag_UPDATE
                0x00000000080015fa       0x18 Core/Src/main.o
 .text.LL_TIM_EnableIT_UPDATE
                0x0000000008001612       0x1c Core/Src/main.o
 .text.LL_GPIO_SetOutputPin
                0x000000000800162e       0x18 Core/Src/main.o
 .text.LL_GPIO_ResetOutputPin
                0x0000000008001646       0x18 Core/Src/main.o
 *fill*         0x000000000800165e        0x2 
 .text.ErrorActions
                0x0000000008001660       0x6c Core/Src/main.o
                0x0000000008001660                ErrorActions
 .text.PrepareTimes
                0x00000000080016cc       0x3c Core/Src/main.o
                0x00000000080016cc                PrepareTimes
 .text.main     0x0000000008001708       0xd8 Core/Src/main.o
                0x0000000008001708                main
 .text.SystemClock_Config
                0x00000000080017e0       0x88 Core/Src/main.o
                0x00000000080017e0                SystemClock_Config
 .text.LL_DMA_DisableChannel
                0x0000000008001868       0x3c Core/Src/stm32f0xx_it.o
 .text.LL_DMA_IsActiveFlag_TC2
                0x00000000080018a4       0x20 Core/Src/stm32f0xx_it.o
 .text.LL_DMA_IsActiveFlag_TC3
                0x00000000080018c4       0x2c Core/Src/stm32f0xx_it.o
 .text.LL_DMA_IsActiveFlag_TE2
                0x00000000080018f0       0x20 Core/Src/stm32f0xx_it.o
 .text.LL_DMA_IsActiveFlag_TE3
                0x0000000008001910       0x2c Core/Src/stm32f0xx_it.o
 .text.LL_DMA_ClearFlag_TC2
                0x000000000800193c       0x16 Core/Src/stm32f0xx_it.o
 .text.LL_DMA_ClearFlag_TC3
                0x0000000008001952       0x18 Core/Src/stm32f0xx_it.o
 .text.LL_TIM_ClearFlag_UPDATE
                0x000000000800196a       0x18 Core/Src/stm32f0xx_it.o
 .text.LL_TIM_IsActiveFlag_UPDATE
                0x0000000008001982       0x22 Core/Src/stm32f0xx_it.o
 .text.LL_USART_IsActiveFlag_RXNE
                0x00000000080019a4       0x22 Core/Src/stm32f0xx_it.o
 .text.NMI_Handler
                0x00000000080019c6        0x6 Core/Src/stm32f0xx_it.o
                0x00000000080019c6                NMI_Handler
 .text.HardFault_Handler
                0x00000000080019cc        0x6 Core/Src/stm32f0xx_it.o
                0x00000000080019cc                HardFault_Handler
 .text.SVC_Handler
                0x00000000080019d2        0xa Core/Src/stm32f0xx_it.o
                0x00000000080019d2                SVC_Handler
 .text.PendSV_Handler
                0x00000000080019dc        0xa Core/Src/stm32f0xx_it.o
                0x00000000080019dc                PendSV_Handler
 .text.SysTick_Handler
                0x00000000080019e6        0xa Core/Src/stm32f0xx_it.o
                0x00000000080019e6                SysTick_Handler
 .text.DMA1_Channel2_3_IRQHandler
                0x00000000080019f0       0x84 Core/Src/stm32f0xx_it.o
                0x00000000080019f0                DMA1_Channel2_3_IRQHandler
 .text.TIM6_DAC_IRQHandler
                0x0000000008001a74       0x28 Core/Src/stm32f0xx_it.o
                0x0000000008001a74                TIM6_DAC_IRQHandler
 .text.USART1_IRQHandler
                0x0000000008001a9c       0x40 Core/Src/stm32f0xx_it.o
                0x0000000008001a9c                USART1_IRQHandler
 .text.SystemInit
                0x0000000008001adc        0xa Core/Src/system_stm32f0xx.o
                0x0000000008001adc                SystemInit
 *fill*         0x0000000008001ae6        0x2 
 .text.__NVIC_EnableIRQ
                0x0000000008001ae8       0x34 Core/Src/tim.o
 .text.__NVIC_SetPriority
                0x0000000008001b1c       0xdc Core/Src/tim.o
 .text.LL_AHB1_GRP1_EnableClock
                0x0000000008001bf8       0x2c Core/Src/tim.o
 .text.LL_APB1_GRP1_EnableClock
                0x0000000008001c24       0x2c Core/Src/tim.o
 .text.LL_TIM_SetOnePulseMode
                0x0000000008001c50       0x24 Core/Src/tim.o
 .text.LL_TIM_DisableARRPreload
                0x0000000008001c74       0x1e Core/Src/tim.o
 *fill*         0x0000000008001c92        0x2 
 .text.LL_TIM_OC_DisableFast
                0x0000000008001c94       0x94 Core/Src/tim.o
 .text.LL_TIM_OC_EnablePreload
                0x0000000008001d28       0x90 Core/Src/tim.o
 .text.LL_TIM_OC_DisablePreload
                0x0000000008001db8       0x94 Core/Src/tim.o
 .text.LL_TIM_SetTriggerOutput
                0x0000000008001e4c       0x24 Core/Src/tim.o
 .text.LL_TIM_DisableMasterSlaveMode
                0x0000000008001e70       0x1e Core/Src/tim.o
 .text.MX_TIM2_Init
                0x0000000008001e8e      0x1f6 Core/Src/tim.o
                0x0000000008001e8e                MX_TIM2_Init
 .text.MX_TIM6_Init
                0x0000000008002084       0x70 Core/Src/tim.o
                0x0000000008002084                MX_TIM6_Init
 .text.__NVIC_EnableIRQ
                0x00000000080020f4       0x34 Core/Src/usart.o
 .text.__NVIC_SetPriority
                0x0000000008002128       0xdc Core/Src/usart.o
 .text.LL_DMA_EnableChannel
                0x0000000008002204       0x3c Core/Src/usart.o
 .text.LL_DMA_DisableChannel
                0x0000000008002240       0x3c Core/Src/usart.o
 .text.LL_DMA_SetDataTransferDirection
                0x000000000800227c       0x48 Core/Src/usart.o
 .text.LL_DMA_GetDataTransferDirection
                0x00000000080022c4       0x30 Core/Src/usart.o
 .text.LL_DMA_SetMode
                0x00000000080022f4       0x44 Core/Src/usart.o
 .text.LL_DMA_SetPeriphIncMode
                0x0000000008002338       0x44 Core/Src/usart.o
 .text.LL_DMA_SetMemoryIncMode
                0x000000000800237c       0x44 Core/Src/usart.o
 .text.LL_DMA_SetPeriphSize
                0x00000000080023c0       0x48 Core/Src/usart.o
 .text.LL_DMA_SetMemorySize
                0x0000000008002408       0x48 Core/Src/usart.o
 .text.LL_DMA_SetChannelPriorityLevel
                0x0000000008002450       0x48 Core/Src/usart.o
 .text.LL_DMA_SetDataLength
                0x0000000008002498       0x40 Core/Src/usart.o
 .text.LL_DMA_ConfigAddresses
                0x00000000080024d8       0x6c Core/Src/usart.o
 .text.LL_AHB1_GRP1_EnableClock
                0x0000000008002544       0x2c Core/Src/usart.o
 .text.LL_APB1_GRP2_EnableClock
                0x0000000008002570       0x2c Core/Src/usart.o
 .text.LL_USART_Enable
                0x000000000800259c       0x1c Core/Src/usart.o
 .text.LL_USART_ConfigAsyncMode
                0x00000000080025b8       0x30 Core/Src/usart.o
 .text.LL_USART_EnableIT_RXNE
                0x00000000080025e8       0x1c Core/Src/usart.o
 .text.LL_USART_DisableIT_CTS
                0x0000000008002604       0x20 Core/Src/usart.o
 .text.LL_USART_DMA_GetRegAddr
                0x0000000008002624       0x28 Core/Src/usart.o
 .text.MX_USART1_UART_Init
                0x000000000800264c      0x1c4 Core/Src/usart.o
                0x000000000800264c                MX_USART1_UART_Init
 .text.DMA1_RecieveComplete
                0x0000000008002810       0x14 Core/Src/usart.o
                0x0000000008002810                DMA1_RecieveComplete
 .text.DMA1_TransmitComplete
                0x0000000008002824       0x14 Core/Src/usart.o
                0x0000000008002824                DMA1_TransmitComplete
 .text.UART_TX  0x0000000008002838       0x7c Core/Src/usart.o
                0x0000000008002838                UART_TX
 .text.UART_RX  0x00000000080028b4       0x7c Core/Src/usart.o
                0x00000000080028b4                UART_RX
 .text.UART_RX_Handler
                0x0000000008002930       0x58 Core/Src/usart.o
                0x0000000008002930                UART_RX_Handler
 .text.Reset_Handler
                0x0000000008002988       0x50 Core/Startup/startup_stm32f051r8tx.o
                0x0000000008002988                Reset_Handler
 .text.Default_Handler
                0x00000000080029d8        0x2 Core/Startup/startup_stm32f051r8tx.o
                0x00000000080029d8                TIM1_CC_IRQHandler
                0x00000000080029d8                TSC_IRQHandler
                0x00000000080029d8                ADC1_COMP_IRQHandler
                0x00000000080029d8                PVD_IRQHandler
                0x00000000080029d8                I2C1_IRQHandler
                0x00000000080029d8                RCC_CRS_IRQHandler
                0x00000000080029d8                SPI1_IRQHandler
                0x00000000080029d8                EXTI2_3_IRQHandler
                0x00000000080029d8                I2C2_IRQHandler
                0x00000000080029d8                TIM17_IRQHandler
                0x00000000080029d8                CEC_CAN_IRQHandler
                0x00000000080029d8                RTC_IRQHandler
                0x00000000080029d8                TIM16_IRQHandler
                0x00000000080029d8                TIM3_IRQHandler
                0x00000000080029d8                EXTI4_15_IRQHandler
                0x00000000080029d8                DMA1_Channel1_IRQHandler
                0x00000000080029d8                Default_Handler
                0x00000000080029d8                TIM14_IRQHandler
                0x00000000080029d8                DMA1_Channel4_5_IRQHandler
                0x00000000080029d8                TIM15_IRQHandler
                0x00000000080029d8                EXTI0_1_IRQHandler
                0x00000000080029d8                SPI2_IRQHandler
                0x00000000080029d8                WWDG_IRQHandler
                0x00000000080029d8                TIM2_IRQHandler
                0x00000000080029d8                USART2_IRQHandler
                0x00000000080029d8                FLASH_IRQHandler
                0x00000000080029d8                TIM1_BRK_UP_TRG_COM_IRQHandler
 *fill*         0x00000000080029da        0x2 
 .text.LL_EXTI_EnableIT_0_31
                0x00000000080029dc       0x20 Drivers/STM32F0xx_HAL_Driver/Src/stm32f0xx_ll_exti.o
 .text.LL_EXTI_DisableIT_0_31
                0x00000000080029fc       0x24 Drivers/STM32F0xx_HAL_Driver/Src/stm32f0xx_ll_exti.o
 .text.LL_EXTI_EnableEvent_0_31
                0x0000000008002a20       0x20 Drivers/STM32F0xx_HAL_Driver/Src/stm32f0xx_ll_exti.o
 .text.LL_EXTI_DisableEvent_0_31
                0x0000000008002a40       0x24 Drivers/STM32F0xx_HAL_Driver/Src/stm32f0xx_ll_exti.o
 .text.LL_EXTI_EnableRisingTrig_0_31
                0x0000000008002a64       0x20 Drivers/STM32F0xx_HAL_Driver/Src/stm32f0xx_ll_exti.o
 .text.LL_EXTI_DisableRisingTrig_0_31
                0x0000000008002a84       0x24 Drivers/STM32F0xx_HAL_Driver/Src/stm32f0xx_ll_exti.o
 .text.LL_EXTI_EnableFallingTrig_0_31
                0x0000000008002aa8       0x20 Drivers/STM32F0xx_HAL_Driver/Src/stm32f0xx_ll_exti.o
 .text.LL_EXTI_DisableFallingTrig_0_31
                0x0000000008002ac8       0x24 Drivers/STM32F0xx_HAL_Driver/Src/stm32f0xx_ll_exti.o
 .text.LL_EXTI_Init
                0x0000000008002aec      0x112 Drivers/STM32F0xx_HAL_Driver/Src/stm32f0xx_ll_exti.o
                0x0000000008002aec                LL_EXTI_Init
 .text.LL_GPIO_SetPinMode
                0x0000000008002bfe       0x38 Drivers/STM32F0xx_HAL_Driver/Src/stm32f0xx_ll_gpio.o
 .text.LL_GPIO_SetPinOutputType
                0x0000000008002c36       0x2a Drivers/STM32F0xx_HAL_Driver/Src/stm32f0xx_ll_gpio.o
 .text.LL_GPIO_SetPinSpeed
                0x0000000008002c60       0x38 Drivers/STM32F0xx_HAL_Driver/Src/stm32f0xx_ll_gpio.o
 .text.LL_GPIO_SetPinPull
                0x0000000008002c98       0x38 Drivers/STM32F0xx_HAL_Driver/Src/stm32f0xx_ll_gpio.o
 .text.LL_GPIO_SetAFPin_0_7
                0x0000000008002cd0       0x46 Drivers/STM32F0xx_HAL_Driver/Src/stm32f0xx_ll_gpio.o
 .text.LL_GPIO_SetAFPin_8_15
                0x0000000008002d16       0x5a Drivers/STM32F0xx_HAL_Driver/Src/stm32f0xx_ll_gpio.o
 .text.LL_GPIO_Init
                0x0000000008002d70       0xb8 Drivers/STM32F0xx_HAL_Driver/Src/stm32f0xx_ll_gpio.o
                0x0000000008002d70                LL_GPIO_Init
 .text.LL_RCC_HSI_IsReady
                0x0000000008002e28       0x20 Drivers/STM32F0xx_HAL_Driver/Src/stm32f0xx_ll_rcc.o
 .text.LL_RCC_LSE_IsReady
                0x0000000008002e48       0x20 Drivers/STM32F0xx_HAL_Driver/Src/stm32f0xx_ll_rcc.o
 .text.LL_RCC_GetSysClkSource
                0x0000000008002e68       0x18 Drivers/STM32F0xx_HAL_Driver/Src/stm32f0xx_ll_rcc.o
 .text.LL_RCC_GetAHBPrescaler
                0x0000000008002e80       0x18 Drivers/STM32F0xx_HAL_Driver/Src/stm32f0xx_ll_rcc.o
 .text.LL_RCC_GetAPB1Prescaler
                0x0000000008002e98       0x18 Drivers/STM32F0xx_HAL_Driver/Src/stm32f0xx_ll_rcc.o
 .text.LL_RCC_GetUSARTClockSource
                0x0000000008002eb0       0x28 Drivers/STM32F0xx_HAL_Driver/Src/stm32f0xx_ll_rcc.o
 .text.LL_RCC_PLL_GetMainSource
                0x0000000008002ed8       0x18 Drivers/STM32F0xx_HAL_Driver/Src/stm32f0xx_ll_rcc.o
 .text.LL_RCC_PLL_GetMultiplicator
                0x0000000008002ef0       0x18 Drivers/STM32F0xx_HAL_Driver/Src/stm32f0xx_ll_rcc.o
 .text.LL_RCC_PLL_GetPrediv
                0x0000000008002f08       0x18 Drivers/STM32F0xx_HAL_Driver/Src/stm32f0xx_ll_rcc.o
 .text.LL_RCC_GetSystemClocksFreq
                0x0000000008002f20       0x3a Drivers/STM32F0xx_HAL_Driver/Src/stm32f0xx_ll_rcc.o
                0x0000000008002f20                LL_RCC_GetSystemClocksFreq
 *fill*         0x0000000008002f5a        0x2 
 .text.LL_RCC_GetUSARTClockFreq
                0x0000000008002f5c       0x88 Drivers/STM32F0xx_HAL_Driver/Src/stm32f0xx_ll_rcc.o
                0x0000000008002f5c                LL_RCC_GetUSARTClockFreq
 .text.RCC_GetSystemClockFreq
                0x0000000008002fe4       0x4c Drivers/STM32F0xx_HAL_Driver/Src/stm32f0xx_ll_rcc.o
                0x0000000008002fe4                RCC_GetSystemClockFreq
 .text.RCC_GetHCLKClockFreq
                0x0000000008003030       0x2c Drivers/STM32F0xx_HAL_Driver/Src/stm32f0xx_ll_rcc.o
                0x0000000008003030                RCC_GetHCLKClockFreq
 .text.RCC_GetPCLK1ClockFreq
                0x000000000800305c       0x28 Drivers/STM32F0xx_HAL_Driver/Src/stm32f0xx_ll_rcc.o
                0x000000000800305c                RCC_GetPCLK1ClockFreq
 .text.RCC_PLL_GetFreqDomain_SYS
                0x0000000008003084       0x70 Drivers/STM32F0xx_HAL_Driver/Src/stm32f0xx_ll_rcc.o
                0x0000000008003084                RCC_PLL_GetFreqDomain_SYS
 .text.LL_TIM_SetPrescaler
                0x00000000080030f4       0x18 Drivers/STM32F0xx_HAL_Driver/Src/stm32f0xx_ll_tim.o
 .text.LL_TIM_SetAutoReload
                0x000000000800310c       0x18 Drivers/STM32F0xx_HAL_Driver/Src/stm32f0xx_ll_tim.o
 .text.LL_TIM_SetRepetitionCounter
                0x0000000008003124       0x18 Drivers/STM32F0xx_HAL_Driver/Src/stm32f0xx_ll_tim.o
 .text.LL_TIM_OC_SetCompareCH1
                0x000000000800313c       0x18 Drivers/STM32F0xx_HAL_Driver/Src/stm32f0xx_ll_tim.o
 .text.LL_TIM_OC_SetCompareCH2
                0x0000000008003154       0x18 Drivers/STM32F0xx_HAL_Driver/Src/stm32f0xx_ll_tim.o
 .text.LL_TIM_OC_SetCompareCH3
                0x000000000800316c       0x18 Drivers/STM32F0xx_HAL_Driver/Src/stm32f0xx_ll_tim.o
 .text.LL_TIM_OC_SetCompareCH4
                0x0000000008003184       0x18 Drivers/STM32F0xx_HAL_Driver/Src/stm32f0xx_ll_tim.o
 .text.LL_TIM_GenerateEvent_UPDATE
                0x000000000800319c       0x1c Drivers/STM32F0xx_HAL_Driver/Src/stm32f0xx_ll_tim.o
 .text.LL_TIM_Init
                0x00000000080031b8      0x104 Drivers/STM32F0xx_HAL_Driver/Src/stm32f0xx_ll_tim.o
                0x00000000080031b8                LL_TIM_Init
 .text.LL_TIM_OC_Init
                0x00000000080032bc       0xb2 Drivers/STM32F0xx_HAL_Driver/Src/stm32f0xx_ll_tim.o
                0x00000000080032bc                LL_TIM_OC_Init
 *fill*         0x000000000800336e        0x2 
 .text.OC1Config
                0x0000000008003370      0x108 Drivers/STM32F0xx_HAL_Driver/Src/stm32f0xx_ll_tim.o
 .text.OC2Config
                0x0000000008003478      0x114 Drivers/STM32F0xx_HAL_Driver/Src/stm32f0xx_ll_tim.o
 .text.OC3Config
                0x000000000800358c      0x114 Drivers/STM32F0xx_HAL_Driver/Src/stm32f0xx_ll_tim.o
 .text.OC4Config
                0x00000000080036a0       0xe0 Drivers/STM32F0xx_HAL_Driver/Src/stm32f0xx_ll_tim.o
 .text.LL_USART_IsEnabled
                0x0000000008003780       0x22 Drivers/STM32F0xx_HAL_Driver/Src/stm32f0xx_ll_usart.o
 *fill*         0x00000000080037a2        0x2 
 .text.LL_USART_SetStopBitsLength
                0x00000000080037a4       0x28 Drivers/STM32F0xx_HAL_Driver/Src/stm32f0xx_ll_usart.o
 .text.LL_USART_SetHWFlowCtrl
                0x00000000080037cc       0x28 Drivers/STM32F0xx_HAL_Driver/Src/stm32f0xx_ll_usart.o
 .text.LL_USART_SetBaudRate
                0x00000000080037f4       0x78 Drivers/STM32F0xx_HAL_Driver/Src/stm32f0xx_ll_usart.o
 .text.LL_USART_Init
                0x000000000800386c       0xd0 Drivers/STM32F0xx_HAL_Driver/Src/stm32f0xx_ll_usart.o
                0x000000000800386c                LL_USART_Init
 .text.LL_InitTick
                0x000000000800393c       0x34 Drivers/STM32F0xx_HAL_Driver/Src/stm32f0xx_ll_utils.o
 .text.LL_Init1msTick
                0x0000000008003970       0x1e Drivers/STM32F0xx_HAL_Driver/Src/stm32f0xx_ll_utils.o
                0x0000000008003970                LL_Init1msTick
 *fill*         0x000000000800398e        0x2 
 .text.LL_mDelay
                0x0000000008003990       0x44 Drivers/STM32F0xx_HAL_Driver/Src/stm32f0xx_ll_utils.o
                0x0000000008003990                LL_mDelay
 .text.LL_SetSystemCoreClock
                0x00000000080039d4       0x1c Drivers/STM32F0xx_HAL_Driver/Src/stm32f0xx_ll_utils.o
                0x00000000080039d4                LL_SetSystemCoreClock
 .text.__errno  0x00000000080039f0        0xc /opt/st/stm32cubeide_1.6.1/plugins/com.st.stm32cube.ide.mcu.externaltools.gnu-tools-for-stm32.9-2020-q2-update.linux64_1.5.0.202011040924/tools/bin/../lib/gcc/arm-none-eabi/9.3.1/../../../../arm-none-eabi/lib/thumb/v6-m/nofp/libc_nano.a(lib_a-errno.o)
                0x00000000080039f0                __errno
 .text.__libc_init_array
                0x00000000080039fc       0x48 /opt/st/stm32cubeide_1.6.1/plugins/com.st.stm32cube.ide.mcu.externaltools.gnu-tools-for-stm32.9-2020-q2-update.linux64_1.5.0.202011040924/tools/bin/../lib/gcc/arm-none-eabi/9.3.1/../../../../arm-none-eabi/lib/thumb/v6-m/nofp/libc_nano.a(lib_a-init.o)
                0x00000000080039fc                __libc_init_array
 .text.memcpy   0x0000000008003a44       0x12 /opt/st/stm32cubeide_1.6.1/plugins/com.st.stm32cube.ide.mcu.externaltools.gnu-tools-for-stm32.9-2020-q2-update.linux64_1.5.0.202011040924/tools/bin/../lib/gcc/arm-none-eabi/9.3.1/../../../../arm-none-eabi/lib/thumb/v6-m/nofp/libc_nano.a(lib_a-memcpy-stub.o)
                0x0000000008003a44                memcpy
 .text.memset   0x0000000008003a56       0x10 /opt/st/stm32cubeide_1.6.1/plugins/com.st.stm32cube.ide.mcu.externaltools.gnu-tools-for-stm32.9-2020-q2-update.linux64_1.5.0.202011040924/tools/bin/../lib/gcc/arm-none-eabi/9.3.1/../../../../arm-none-eabi/lib/thumb/v6-m/nofp/libc_nano.a(lib_a-memset.o)
                0x0000000008003a56                memset
 *(.glue_7)
 .glue_7        0x0000000008003a66        0x0 linker stubs
 *(.glue_7t)
 .glue_7t       0x0000000008003a66        0x0 linker stubs
 *(.eh_frame)
 *fill*         0x0000000008003a66        0x2 
 .eh_frame      0x0000000008003a68        0x0 /opt/st/stm32cubeide_1.6.1/plugins/com.st.stm32cube.ide.mcu.externaltools.gnu-tools-for-stm32.9-2020-q2-update.linux64_1.5.0.202011040924/tools/bin/../lib/gcc/arm-none-eabi/9.3.1/thumb/v6-m/nofp/crtbegin.o
 *(.init)
 .init          0x0000000008003a68        0x4 /opt/st/stm32cubeide_1.6.1/plugins/com.st.stm32cube.ide.mcu.externaltools.gnu-tools-for-stm32.9-2020-q2-update.linux64_1.5.0.202011040924/tools/bin/../lib/gcc/arm-none-eabi/9.3.1/thumb/v6-m/nofp/crti.o
                0x0000000008003a68                _init
 .init          0x0000000008003a6c        0x8 /opt/st/stm32cubeide_1.6.1/plugins/com.st.stm32cube.ide.mcu.externaltools.gnu-tools-for-stm32.9-2020-q2-update.linux64_1.5.0.202011040924/tools/bin/../lib/gcc/arm-none-eabi/9.3.1/thumb/v6-m/nofp/crtn.o
 *(.fini)
 .fini          0x0000000008003a74        0x4 /opt/st/stm32cubeide_1.6.1/plugins/com.st.stm32cube.ide.mcu.externaltools.gnu-tools-for-stm32.9-2020-q2-update.linux64_1.5.0.202011040924/tools/bin/../lib/gcc/arm-none-eabi/9.3.1/thumb/v6-m/nofp/crti.o
                0x0000000008003a74                _fini
 .fini          0x0000000008003a78        0x8 /opt/st/stm32cubeide_1.6.1/plugins/com.st.stm32cube.ide.mcu.externaltools.gnu-tools-for-stm32.9-2020-q2-update.linux64_1.5.0.202011040924/tools/bin/../lib/gcc/arm-none-eabi/9.3.1/thumb/v6-m/nofp/crtn.o
                0x0000000008003a80                . = ALIGN (0x4)
                0x0000000008003a80                _etext = .

.vfp11_veneer   0x0000000008003a80        0x0
 .vfp11_veneer  0x0000000008003a80        0x0 linker stubs

.v4_bx          0x0000000008003a80        0x0
 .v4_bx         0x0000000008003a80        0x0 linker stubs

.iplt           0x0000000008003a80        0x0
 .iplt          0x0000000008003a80        0x0 /opt/st/stm32cubeide_1.6.1/plugins/com.st.stm32cube.ide.mcu.externaltools.gnu-tools-for-stm32.9-2020-q2-update.linux64_1.5.0.202011040924/tools/bin/../lib/gcc/arm-none-eabi/9.3.1/thumb/v6-m/nofp/crtbegin.o

.rodata         0x0000000008003a80       0xb0
                0x0000000008003a80                . = ALIGN (0x4)
 *(.rodata)
 .rodata        0x0000000008003a80       0x60 Core/Src/StepMotorParams.o
 *(.rodata*)
 .rodata.OFFSET_TAB_CCMRx
                0x0000000008003ae0        0x7 Core/Src/StepMotorLib.o
 *fill*         0x0000000008003ae7        0x1 
 .rodata.SHIFT_TAB_OCxx
                0x0000000008003ae8        0x7 Core/Src/StepMotorLib.o
 *fill*         0x0000000008003aef        0x1 
 .rodata.CHANNEL_OFFSET_TAB
                0x0000000008003af0        0x5 Core/Src/dma.o
 *fill*         0x0000000008003af5        0x3 
 .rodata.CHANNEL_OFFSET_TAB
                0x0000000008003af8        0x5 Core/Src/stm32f0xx_it.o
 *fill*         0x0000000008003afd        0x3 
 .rodata.AHBPrescTable
                0x0000000008003b00       0x10 Core/Src/system_stm32f0xx.o
                0x0000000008003b00                AHBPrescTable
 .rodata.APBPrescTable
                0x0000000008003b10        0x8 Core/Src/system_stm32f0xx.o
                0x0000000008003b10                APBPrescTable
 .rodata.OFFSET_TAB_CCMRx
                0x0000000008003b18        0x7 Core/Src/tim.o
 *fill*         0x0000000008003b1f        0x1 
 .rodata.SHIFT_TAB_OCxx
                0x0000000008003b20        0x7 Core/Src/tim.o
 *fill*         0x0000000008003b27        0x1 
 .rodata.CHANNEL_OFFSET_TAB
                0x0000000008003b28        0x5 Core/Src/usart.o
                0x0000000008003b30                . = ALIGN (0x4)
 *fill*         0x0000000008003b2d        0x3 

.rel.dyn        0x0000000008003b30        0x0
 .rel.iplt      0x0000000008003b30        0x0 /opt/st/stm32cubeide_1.6.1/plugins/com.st.stm32cube.ide.mcu.externaltools.gnu-tools-for-stm32.9-2020-q2-update.linux64_1.5.0.202011040924/tools/bin/../lib/gcc/arm-none-eabi/9.3.1/thumb/v6-m/nofp/crtbegin.o

.ARM.extab      0x0000000008003b30        0x0
                0x0000000008003b30                . = ALIGN (0x4)
 *(.ARM.extab* .gnu.linkonce.armextab.*)
                0x0000000008003b30                . = ALIGN (0x4)

.ARM            0x0000000008003b30        0x0
                0x0000000008003b30                . = ALIGN (0x4)
                0x0000000008003b30                __exidx_start = .
 *(.ARM.exidx*)
                0x0000000008003b30                __exidx_end = .
                0x0000000008003b30                . = ALIGN (0x4)

.preinit_array  0x0000000008003b30        0x0
                0x0000000008003b30                . = ALIGN (0x4)
                0x0000000008003b30                PROVIDE (__preinit_array_start = .)
 *(.preinit_array*)
                0x0000000008003b30                PROVIDE (__preinit_array_end = .)
                0x0000000008003b30                . = ALIGN (0x4)

.init_array     0x0000000008003b30        0x4
                0x0000000008003b30                . = ALIGN (0x4)
                0x0000000008003b30                PROVIDE (__init_array_start = .)
 *(SORT_BY_NAME(.init_array.*))
 *(.init_array*)
 .init_array    0x0000000008003b30        0x4 /opt/st/stm32cubeide_1.6.1/plugins/com.st.stm32cube.ide.mcu.externaltools.gnu-tools-for-stm32.9-2020-q2-update.linux64_1.5.0.202011040924/tools/bin/../lib/gcc/arm-none-eabi/9.3.1/thumb/v6-m/nofp/crtbegin.o
                0x0000000008003b34                PROVIDE (__init_array_end = .)
                0x0000000008003b34                . = ALIGN (0x4)

.fini_array     0x0000000008003b34        0x4
                0x0000000008003b34                . = ALIGN (0x4)
                [!provide]                        PROVIDE (__fini_array_start = .)
 *(SORT_BY_NAME(.fini_array.*))
 *(.fini_array*)
 .fini_array    0x0000000008003b34        0x4 /opt/st/stm32cubeide_1.6.1/plugins/com.st.stm32cube.ide.mcu.externaltools.gnu-tools-for-stm32.9-2020-q2-update.linux64_1.5.0.202011040924/tools/bin/../lib/gcc/arm-none-eabi/9.3.1/thumb/v6-m/nofp/crtbegin.o
                [!provide]                        PROVIDE (__fini_array_end = .)
                0x0000000008003b38                . = ALIGN (0x4)
                0x0000000008003b38                _sidata = LOADADDR (.data)

.data           0x0000000020000000       0x70 load address 0x0000000008003b38
                0x0000000020000000                . = ALIGN (0x4)
                0x0000000020000000                _sdata = .
 *(.data)
 *(.data*)
 .data.SystemCoreClock
                0x0000000020000000        0x4 Core/Src/system_stm32f0xx.o
                0x0000000020000000                SystemCoreClock
 .data.tx_buff  0x0000000020000004        0x5 Core/Src/usart.o
                0x0000000020000004                tx_buff
 *fill*         0x0000000020000009        0x3 
 .data._impure_ptr
                0x000000002000000c        0x4 /opt/st/stm32cubeide_1.6.1/plugins/com.st.stm32cube.ide.mcu.externaltools.gnu-tools-for-stm32.9-2020-q2-update.linux64_1.5.0.202011040924/tools/bin/../lib/gcc/arm-none-eabi/9.3.1/../../../../arm-none-eabi/lib/thumb/v6-m/nofp/libc_nano.a(lib_a-impure.o)
                0x000000002000000c                _impure_ptr
 .data.impure_data
                0x0000000020000010       0x60 /opt/st/stm32cubeide_1.6.1/plugins/com.st.stm32cube.ide.mcu.externaltools.gnu-tools-for-stm32.9-2020-q2-update.linux64_1.5.0.202011040924/tools/bin/../lib/gcc/arm-none-eabi/9.3.1/../../../../arm-none-eabi/lib/thumb/v6-m/nofp/libc_nano.a(lib_a-impure.o)
 *(.RamFunc)
 *(.RamFunc*)
                0x0000000020000070                . = ALIGN (0x4)
                0x0000000020000070                _edata = .

.igot.plt       0x0000000020000070        0x0 load address 0x0000000008003ba8
 .igot.plt      0x0000000020000070        0x0 /opt/st/stm32cubeide_1.6.1/plugins/com.st.stm32cube.ide.mcu.externaltools.gnu-tools-for-stm32.9-2020-q2-update.linux64_1.5.0.202011040924/tools/bin/../lib/gcc/arm-none-eabi/9.3.1/thumb/v6-m/nofp/crtbegin.o
                0x0000000020000070                . = ALIGN (0x4)

.bss            0x0000000020000070       0x90 load address 0x0000000008003ba8
                0x0000000020000070                _sbss = .
                0x0000000020000070                __bss_start__ = _sbss
 *(.bss)
 .bss           0x0000000020000070       0x1c /opt/st/stm32cubeide_1.6.1/plugins/com.st.stm32cube.ide.mcu.externaltools.gnu-tools-for-stm32.9-2020-q2-update.linux64_1.5.0.202011040924/tools/bin/../lib/gcc/arm-none-eabi/9.3.1/thumb/v6-m/nofp/crtbegin.o
 *(.bss*)
 .bss.drimem    0x000000002000008c       0x68 Core/Src/StepMotorLib.o
 .bss.channels_is_active.8057
                0x00000000200000f4        0x1 Core/Src/StepMotorLib.o
 .bss.fl_rx     0x00000000200000f5        0x1 Core/Src/usart.o
                0x00000000200000f5                fl_rx
 .bss.fl_tx     0x00000000200000f6        0x1 Core/Src/usart.o
                0x00000000200000f6                fl_tx
 *fill*         0x00000000200000f7        0x1 
 .bss.rx_buff   0x00000000200000f8        0x5 Core/Src/usart.o
                0x00000000200000f8                rx_buff
 *(COMMON)
                0x0000000020000100                . = ALIGN (0x4)
 *fill*         0x00000000200000fd        0x3 
                0x0000000020000100                _ebss = .
                0x0000000020000100                __bss_end__ = _ebss

._user_heap_stack
                0x0000000020000100      0x600 load address 0x0000000008003ba8
                0x0000000020000100                . = ALIGN (0x8)
                [!provide]                        PROVIDE (end = .)
                0x0000000020000100                PROVIDE (_end = .)
                0x0000000020000300                . = (. + _Min_Heap_Size)
 *fill*         0x0000000020000100      0x200 
                0x0000000020000700                . = (. + _Min_Stack_Size)
 *fill*         0x0000000020000300      0x400 
                0x0000000020000700                . = ALIGN (0x8)

/DISCARD/
 libc.a(*)
 libm.a(*)
 libgcc.a(*)

.ARM.attributes
                0x0000000000000000       0x28
 *(.ARM.attributes)
 .ARM.attributes
                0x0000000000000000       0x1e /opt/st/stm32cubeide_1.6.1/plugins/com.st.stm32cube.ide.mcu.externaltools.gnu-tools-for-stm32.9-2020-q2-update.linux64_1.5.0.202011040924/tools/bin/../lib/gcc/arm-none-eabi/9.3.1/thumb/v6-m/nofp/crti.o
 .ARM.attributes
                0x000000000000001e       0x2c /opt/st/stm32cubeide_1.6.1/plugins/com.st.stm32cube.ide.mcu.externaltools.gnu-tools-for-stm32.9-2020-q2-update.linux64_1.5.0.202011040924/tools/bin/../lib/gcc/arm-none-eabi/9.3.1/thumb/v6-m/nofp/crtbegin.o
 .ARM.attributes
                0x000000000000004a       0x2c Core/Src/StepMotorLib.o
 .ARM.attributes
                0x0000000000000076       0x2c Core/Src/StepMotorParams.o
 .ARM.attributes
                0x00000000000000a2       0x2c Core/Src/axis.o
 .ARM.attributes
                0x00000000000000ce       0x2c Core/Src/dma.o
 .ARM.attributes
                0x00000000000000fa       0x2c Core/Src/gpio.o
 .ARM.attributes
                0x0000000000000126       0x2c Core/Src/main.o
 .ARM.attributes
                0x0000000000000152       0x2c Core/Src/stm32f0xx_it.o
 .ARM.attributes
                0x000000000000017e       0x2c Core/Src/system_stm32f0xx.o
 .ARM.attributes
                0x00000000000001aa       0x2c Core/Src/tim.o
 .ARM.attributes
                0x00000000000001d6       0x2c Core/Src/usart.o
 .ARM.attributes
                0x0000000000000202       0x21 Core/Startup/startup_stm32f051r8tx.o
 .ARM.attributes
                0x0000000000000223       0x2c Drivers/STM32F0xx_HAL_Driver/Src/stm32f0xx_ll_exti.o
 .ARM.attributes
                0x000000000000024f       0x2c Drivers/STM32F0xx_HAL_Driver/Src/stm32f0xx_ll_gpio.o
 .ARM.attributes
                0x000000000000027b       0x2c Drivers/STM32F0xx_HAL_Driver/Src/stm32f0xx_ll_rcc.o
 .ARM.attributes
                0x00000000000002a7       0x2c Drivers/STM32F0xx_HAL_Driver/Src/stm32f0xx_ll_tim.o
 .ARM.attributes
                0x00000000000002d3       0x2c Drivers/STM32F0xx_HAL_Driver/Src/stm32f0xx_ll_usart.o
 .ARM.attributes
                0x00000000000002ff       0x2c Drivers/STM32F0xx_HAL_Driver/Src/stm32f0xx_ll_utils.o
 .ARM.attributes
                0x000000000000032b       0x2c /opt/st/stm32cubeide_1.6.1/plugins/com.st.stm32cube.ide.mcu.externaltools.gnu-tools-for-stm32.9-2020-q2-update.linux64_1.5.0.202011040924/tools/bin/../lib/gcc/arm-none-eabi/9.3.1/../../../../arm-none-eabi/lib/thumb/v6-m/nofp/libc_nano.a(lib_a-errno.o)
 .ARM.attributes
                0x0000000000000357       0x2c /opt/st/stm32cubeide_1.6.1/plugins/com.st.stm32cube.ide.mcu.externaltools.gnu-tools-for-stm32.9-2020-q2-update.linux64_1.5.0.202011040924/tools/bin/../lib/gcc/arm-none-eabi/9.3.1/../../../../arm-none-eabi/lib/thumb/v6-m/nofp/libc_nano.a(lib_a-impure.o)
 .ARM.attributes
                0x0000000000000383       0x2c /opt/st/stm32cubeide_1.6.1/plugins/com.st.stm32cube.ide.mcu.externaltools.gnu-tools-for-stm32.9-2020-q2-update.linux64_1.5.0.202011040924/tools/bin/../lib/gcc/arm-none-eabi/9.3.1/../../../../arm-none-eabi/lib/thumb/v6-m/nofp/libc_nano.a(lib_a-init.o)
 .ARM.attributes
                0x00000000000003af       0x2c /opt/st/stm32cubeide_1.6.1/plugins/com.st.stm32cube.ide.mcu.externaltools.gnu-tools-for-stm32.9-2020-q2-update.linux64_1.5.0.202011040924/tools/bin/../lib/gcc/arm-none-eabi/9.3.1/../../../../arm-none-eabi/lib/thumb/v6-m/nofp/libc_nano.a(lib_a-memcpy-stub.o)
 .ARM.attributes
                0x00000000000003db       0x2c /opt/st/stm32cubeide_1.6.1/plugins/com.st.stm32cube.ide.mcu.externaltools.gnu-tools-for-stm32.9-2020-q2-update.linux64_1.5.0.202011040924/tools/bin/../lib/gcc/arm-none-eabi/9.3.1/../../../../arm-none-eabi/lib/thumb/v6-m/nofp/libc_nano.a(lib_a-memset.o)
 .ARM.attributes
                0x0000000000000407       0x1e /opt/st/stm32cubeide_1.6.1/plugins/com.st.stm32cube.ide.mcu.externaltools.gnu-tools-for-stm32.9-2020-q2-update.linux64_1.5.0.202011040924/tools/bin/../lib/gcc/arm-none-eabi/9.3.1/thumb/v6-m/nofp/libgcc.a(_udivsi3.o)
 .ARM.attributes
                0x0000000000000425       0x1e /opt/st/stm32cubeide_1.6.1/plugins/com.st.stm32cube.ide.mcu.externaltools.gnu-tools-for-stm32.9-2020-q2-update.linux64_1.5.0.202011040924/tools/bin/../lib/gcc/arm-none-eabi/9.3.1/thumb/v6-m/nofp/libgcc.a(_divsi3.o)
 .ARM.attributes
                0x0000000000000443       0x1e /opt/st/stm32cubeide_1.6.1/plugins/com.st.stm32cube.ide.mcu.externaltools.gnu-tools-for-stm32.9-2020-q2-update.linux64_1.5.0.202011040924/tools/bin/../lib/gcc/arm-none-eabi/9.3.1/thumb/v6-m/nofp/libgcc.a(_dvmd_tls.o)
 .ARM.attributes
                0x0000000000000461       0x1e /opt/st/stm32cubeide_1.6.1/plugins/com.st.stm32cube.ide.mcu.externaltools.gnu-tools-for-stm32.9-2020-q2-update.linux64_1.5.0.202011040924/tools/bin/../lib/gcc/arm-none-eabi/9.3.1/thumb/v6-m/nofp/crtn.o
OUTPUT(StepMotor.elf elf32-littlearm)
LOAD linker stubs
LOAD /opt/st/stm32cubeide_1.6.1/plugins/com.st.stm32cube.ide.mcu.externaltools.gnu-tools-for-stm32.9-2020-q2-update.linux64_1.5.0.202011040924/tools/bin/../lib/gcc/arm-none-eabi/9.3.1/../../../../arm-none-eabi/lib/thumb/v6-m/nofp/libc.a
LOAD /opt/st/stm32cubeide_1.6.1/plugins/com.st.stm32cube.ide.mcu.externaltools.gnu-tools-for-stm32.9-2020-q2-update.linux64_1.5.0.202011040924/tools/bin/../lib/gcc/arm-none-eabi/9.3.1/../../../../arm-none-eabi/lib/thumb/v6-m/nofp/libm.a
LOAD /opt/st/stm32cubeide_1.6.1/plugins/com.st.stm32cube.ide.mcu.externaltools.gnu-tools-for-stm32.9-2020-q2-update.linux64_1.5.0.202011040924/tools/bin/../lib/gcc/arm-none-eabi/9.3.1/thumb/v6-m/nofp/libgcc.a

.debug_info     0x0000000000000000     0xa8b4
 .debug_info    0x0000000000000000     0x1539 Core/Src/StepMotorLib.o
 .debug_info    0x0000000000001539      0xd4f Core/Src/StepMotorParams.o
 .debug_info    0x0000000000002288      0xca5 Core/Src/axis.o
 .debug_info    0x0000000000002f2d      0x908 Core/Src/dma.o
 .debug_info    0x0000000000003835      0x600 Core/Src/gpio.o
 .debug_info    0x0000000000003e35     0x1174 Core/Src/main.o
 .debug_info    0x0000000000004fa9      0xf7f Core/Src/stm32f0xx_it.o
 .debug_info    0x0000000000005f28      0x262 Core/Src/system_stm32f0xx.o
 .debug_info    0x000000000000618a      0xb48 Core/Src/tim.o
 .debug_info    0x0000000000006cd2      0xe84 Core/Src/usart.o
 .debug_info    0x0000000000007b56       0x22 Core/Startup/startup_stm32f051r8tx.o
 .debug_info    0x0000000000007b78      0x3ab Drivers/STM32F0xx_HAL_Driver/Src/stm32f0xx_ll_exti.o
 .debug_info    0x0000000000007f23      0x5d5 Drivers/STM32F0xx_HAL_Driver/Src/stm32f0xx_ll_gpio.o
 .debug_info    0x00000000000084f8      0x600 Drivers/STM32F0xx_HAL_Driver/Src/stm32f0xx_ll_rcc.o
 .debug_info    0x0000000000008af8      0xee3 Drivers/STM32F0xx_HAL_Driver/Src/stm32f0xx_ll_tim.o
 .debug_info    0x00000000000099db      0x702 Drivers/STM32F0xx_HAL_Driver/Src/stm32f0xx_ll_usart.o
 .debug_info    0x000000000000a0dd      0x7d7 Drivers/STM32F0xx_HAL_Driver/Src/stm32f0xx_ll_utils.o

.debug_abbrev   0x0000000000000000     0x2100
 .debug_abbrev  0x0000000000000000      0x37f Core/Src/StepMotorLib.o
 .debug_abbrev  0x000000000000037f      0x1e6 Core/Src/StepMotorParams.o
 .debug_abbrev  0x0000000000000565      0x22c Core/Src/axis.o
 .debug_abbrev  0x0000000000000791      0x1d8 Core/Src/dma.o
 .debug_abbrev  0x0000000000000969      0x197 Core/Src/gpio.o
 .debug_abbrev  0x0000000000000b00      0x2b7 Core/Src/main.o
 .debug_abbrev  0x0000000000000db7      0x271 Core/Src/stm32f0xx_it.o
 .debug_abbrev  0x0000000000001028      0x116 Core/Src/system_stm32f0xx.o
 .debug_abbrev  0x000000000000113e      0x1eb Core/Src/tim.o
 .debug_abbrev  0x0000000000001329      0x254 Core/Src/usart.o
 .debug_abbrev  0x000000000000157d       0x12 Core/Startup/startup_stm32f051r8tx.o
 .debug_abbrev  0x000000000000158f      0x18f Drivers/STM32F0xx_HAL_Driver/Src/stm32f0xx_ll_exti.o
 .debug_abbrev  0x000000000000171e      0x1b5 Drivers/STM32F0xx_HAL_Driver/Src/stm32f0xx_ll_gpio.o
 .debug_abbrev  0x00000000000018d3      0x1f8 Drivers/STM32F0xx_HAL_Driver/Src/stm32f0xx_ll_rcc.o
 .debug_abbrev  0x0000000000001acb      0x218 Drivers/STM32F0xx_HAL_Driver/Src/stm32f0xx_ll_tim.o
 .debug_abbrev  0x0000000000001ce3      0x1de Drivers/STM32F0xx_HAL_Driver/Src/stm32f0xx_ll_usart.o
 .debug_abbrev  0x0000000000001ec1      0x23f Drivers/STM32F0xx_HAL_Driver/Src/stm32f0xx_ll_utils.o

.debug_aranges  0x0000000000000000      0x9f8
 .debug_aranges
                0x0000000000000000      0x108 Core/Src/StepMotorLib.o
 .debug_aranges
                0x0000000000000108       0x28 Core/Src/StepMotorParams.o
 .debug_aranges
                0x0000000000000130       0x30 Core/Src/axis.o
 .debug_aranges
                0x0000000000000160       0x90 Core/Src/dma.o
 .debug_aranges
                0x00000000000001f0       0x50 Core/Src/gpio.o
 .debug_aranges
                0x0000000000000240       0xe0 Core/Src/main.o
 .debug_aranges
                0x0000000000000320       0xa8 Core/Src/stm32f0xx_it.o
 .debug_aranges
                0x00000000000003c8       0x28 Core/Src/system_stm32f0xx.o
 .debug_aranges
                0x00000000000003f0       0x80 Core/Src/tim.o
 .debug_aranges
                0x0000000000000470       0xf0 Core/Src/usart.o
 .debug_aranges
                0x0000000000000560       0x28 Core/Startup/startup_stm32f051r8tx.o
 .debug_aranges
                0x0000000000000588       0x70 Drivers/STM32F0xx_HAL_Driver/Src/stm32f0xx_ll_exti.o
 .debug_aranges
                0x00000000000005f8       0x70 Drivers/STM32F0xx_HAL_Driver/Src/stm32f0xx_ll_gpio.o
 .debug_aranges
                0x0000000000000668       0xf8 Drivers/STM32F0xx_HAL_Driver/Src/stm32f0xx_ll_rcc.o
 .debug_aranges
                0x0000000000000760      0x128 Drivers/STM32F0xx_HAL_Driver/Src/stm32f0xx_ll_tim.o
 .debug_aranges
                0x0000000000000888       0x88 Drivers/STM32F0xx_HAL_Driver/Src/stm32f0xx_ll_usart.o
 .debug_aranges
                0x0000000000000910       0xe8 Drivers/STM32F0xx_HAL_Driver/Src/stm32f0xx_ll_utils.o

.debug_ranges   0x0000000000000000      0x8f0
 .debug_ranges  0x0000000000000000       0xf8 Core/Src/StepMotorLib.o
 .debug_ranges  0x00000000000000f8       0x18 Core/Src/StepMotorParams.o
 .debug_ranges  0x0000000000000110       0x20 Core/Src/axis.o
 .debug_ranges  0x0000000000000130       0x80 Core/Src/dma.o
 .debug_ranges  0x00000000000001b0       0x40 Core/Src/gpio.o
 .debug_ranges  0x00000000000001f0       0xd0 Core/Src/main.o
 .debug_ranges  0x00000000000002c0       0x98 Core/Src/stm32f0xx_it.o
 .debug_ranges  0x0000000000000358       0x18 Core/Src/system_stm32f0xx.o
 .debug_ranges  0x0000000000000370       0x70 Core/Src/tim.o
 .debug_ranges  0x00000000000003e0       0xe0 Core/Src/usart.o
 .debug_ranges  0x00000000000004c0       0x20 Core/Startup/startup_stm32f051r8tx.o
 .debug_ranges  0x00000000000004e0       0x60 Drivers/STM32F0xx_HAL_Driver/Src/stm32f0xx_ll_exti.o
 .debug_ranges  0x0000000000000540       0x60 Drivers/STM32F0xx_HAL_Driver/Src/stm32f0xx_ll_gpio.o
 .debug_ranges  0x00000000000005a0       0xe8 Drivers/STM32F0xx_HAL_Driver/Src/stm32f0xx_ll_rcc.o
 .debug_ranges  0x0000000000000688      0x118 Drivers/STM32F0xx_HAL_Driver/Src/stm32f0xx_ll_tim.o
 .debug_ranges  0x00000000000007a0       0x78 Drivers/STM32F0xx_HAL_Driver/Src/stm32f0xx_ll_usart.o
 .debug_ranges  0x0000000000000818       0xd8 Drivers/STM32F0xx_HAL_Driver/Src/stm32f0xx_ll_utils.o

.debug_macro    0x0000000000000000     0xe836
 .debug_macro   0x0000000000000000      0x28e Core/Src/StepMotorLib.o
 .debug_macro   0x000000000000028e      0xaba Core/Src/StepMotorLib.o
 .debug_macro   0x0000000000000d48       0x82 Core/Src/StepMotorLib.o
 .debug_macro   0x0000000000000dca       0x2e Core/Src/StepMotorLib.o
 .debug_macro   0x0000000000000df8       0x22 Core/Src/StepMotorLib.o
 .debug_macro   0x0000000000000e1a       0x22 Core/Src/StepMotorLib.o
 .debug_macro   0x0000000000000e3c       0x8e Core/Src/StepMotorLib.o
 .debug_macro   0x0000000000000eca       0x51 Core/Src/StepMotorLib.o
 .debug_macro   0x0000000000000f1b      0x103 Core/Src/StepMotorLib.o
 .debug_macro   0x000000000000101e       0x6a Core/Src/StepMotorLib.o
 .debug_macro   0x0000000000001088      0x1df Core/Src/StepMotorLib.o
 .debug_macro   0x0000000000001267       0x1c Core/Src/StepMotorLib.o
 .debug_macro   0x0000000000001283       0x22 Core/Src/StepMotorLib.o
 .debug_macro   0x00000000000012a5       0xb5 Core/Src/StepMotorLib.o
 .debug_macro   0x000000000000135a      0x391 Core/Src/StepMotorLib.o
 .debug_macro   0x00000000000016eb     0x8cdd Core/Src/StepMotorLib.o
 .debug_macro   0x000000000000a3c8       0x3c Core/Src/StepMotorLib.o
 .debug_macro   0x000000000000a404      0x20f Core/Src/StepMotorLib.o
 .debug_macro   0x000000000000a613      0x3e9 Core/Src/StepMotorLib.o
 .debug_macro   0x000000000000a9fc       0xe5 Core/Src/StepMotorLib.o
 .debug_macro   0x000000000000aae1      0x184 Core/Src/StepMotorLib.o
 .debug_macro   0x000000000000ac65       0xef Core/Src/StepMotorLib.o
 .debug_macro   0x000000000000ad54       0x16 Core/Src/StepMotorLib.o
 .debug_macro   0x000000000000ad6a       0x2a Core/Src/StepMotorLib.o
 .debug_macro   0x000000000000ad94       0xa7 Core/Src/StepMotorLib.o
 .debug_macro   0x000000000000ae3b      0x5bd Core/Src/StepMotorLib.o
 .debug_macro   0x000000000000b3f8      0x2e2 Core/Src/StepMotorLib.o
 .debug_macro   0x000000000000b6da      0x11f Core/Src/StepMotorLib.o
 .debug_macro   0x000000000000b7f9       0xb2 Core/Src/StepMotorLib.o
 .debug_macro   0x000000000000b8ab       0x18 Core/Src/StepMotorLib.o
 .debug_macro   0x000000000000b8c3       0x52 Core/Src/StepMotorLib.o
 .debug_macro   0x000000000000b915       0x3c Core/Src/StepMotorLib.o
 .debug_macro   0x000000000000b951       0x34 Core/Src/StepMotorLib.o
 .debug_macro   0x000000000000b985       0x16 Core/Src/StepMotorLib.o
 .debug_macro   0x000000000000b99b      0x10e Core/Src/StepMotorLib.o
 .debug_macro   0x000000000000baa9       0x8d Core/Src/StepMotorLib.o
 .debug_macro   0x000000000000bb36       0x16 Core/Src/StepMotorLib.o
 .debug_macro   0x000000000000bb4c       0x43 Core/Src/StepMotorLib.o
 .debug_macro   0x000000000000bb8f       0x34 Core/Src/StepMotorLib.o
 .debug_macro   0x000000000000bbc3       0x10 Core/Src/StepMotorLib.o
 .debug_macro   0x000000000000bbd3       0x58 Core/Src/StepMotorLib.o
 .debug_macro   0x000000000000bc2b       0x71 Core/Src/StepMotorLib.o
 .debug_macro   0x000000000000bc9c       0x1c Core/Src/StepMotorLib.o
 .debug_macro   0x000000000000bcb8      0x12a Core/Src/StepMotorLib.o
 .debug_macro   0x000000000000bde2      0x333 Core/Src/StepMotorLib.o
 .debug_macro   0x000000000000c115       0x16 Core/Src/StepMotorLib.o
 .debug_macro   0x000000000000c12b       0x29 Core/Src/StepMotorLib.o
 .debug_macro   0x000000000000c154       0x1c Core/Src/StepMotorLib.o
 .debug_macro   0x000000000000c170       0x10 Core/Src/StepMotorLib.o
 .debug_macro   0x000000000000c180      0x241 Core/Src/StepMotorLib.o
 .debug_macro   0x000000000000c3c1      0x237 Core/Src/StepMotorParams.o
 .debug_macro   0x000000000000c5f8      0x245 Core/Src/axis.o
 .debug_macro   0x000000000000c83d      0x14b Core/Src/dma.o
 .debug_macro   0x000000000000c988       0x10 Core/Src/dma.o
 .debug_macro   0x000000000000c998      0x146 Core/Src/gpio.o
 .debug_macro   0x000000000000cade      0x27f Core/Src/main.o
 .debug_macro   0x000000000000cd5d       0x1c Core/Src/main.o
 .debug_macro   0x000000000000cd79      0x267 Core/Src/stm32f0xx_it.o
 .debug_macro   0x000000000000cfe0       0x16 Core/Src/stm32f0xx_it.o
 .debug_macro   0x000000000000cff6       0xc0 Core/Src/system_stm32f0xx.o
 .debug_macro   0x000000000000d0b6      0x146 Core/Src/tim.o
 .debug_macro   0x000000000000d1fc      0x167 Core/Src/usart.o
 .debug_macro   0x000000000000d363       0xe1 Drivers/STM32F0xx_HAL_Driver/Src/stm32f0xx_ll_exti.o
 .debug_macro   0x000000000000d444       0xe9 Drivers/STM32F0xx_HAL_Driver/Src/stm32f0xx_ll_exti.o
 .debug_macro   0x000000000000d52d       0xfc Drivers/STM32F0xx_HAL_Driver/Src/stm32f0xx_ll_gpio.o
 .debug_macro   0x000000000000d629      0x119 Drivers/STM32F0xx_HAL_Driver/Src/stm32f0xx_ll_gpio.o
 .debug_macro   0x000000000000d742       0xe1 Drivers/STM32F0xx_HAL_Driver/Src/stm32f0xx_ll_rcc.o
 .debug_macro   0x000000000000d823      0x3e3 Drivers/STM32F0xx_HAL_Driver/Src/stm32f0xx_ll_rcc.o
 .debug_macro   0x000000000000dc06      0x145 Drivers/STM32F0xx_HAL_Driver/Src/stm32f0xx_ll_tim.o
 .debug_macro   0x000000000000dd4b      0x5b7 Drivers/STM32F0xx_HAL_Driver/Src/stm32f0xx_ll_tim.o
 .debug_macro   0x000000000000e302      0x12f Drivers/STM32F0xx_HAL_Driver/Src/stm32f0xx_ll_usart.o
 .debug_macro   0x000000000000e431      0x2dc Drivers/STM32F0xx_HAL_Driver/Src/stm32f0xx_ll_usart.o
 .debug_macro   0x000000000000e70d      0x129 Drivers/STM32F0xx_HAL_Driver/Src/stm32f0xx_ll_utils.o

.debug_line     0x0000000000000000     0x8ce9
 .debug_line    0x0000000000000000      0xd59 Core/Src/StepMotorLib.o
 .debug_line    0x0000000000000d59      0x819 Core/Src/StepMotorParams.o
 .debug_line    0x0000000000001572      0x80c Core/Src/axis.o
 .debug_line    0x0000000000001d7e      0x81a Core/Src/dma.o
 .debug_line    0x0000000000002598      0x756 Core/Src/gpio.o
 .debug_line    0x0000000000002cee      0xb46 Core/Src/main.o
 .debug_line    0x0000000000003834      0x9ee Core/Src/stm32f0xx_it.o
 .debug_line    0x0000000000004222      0x501 Core/Src/system_stm32f0xx.o
 .debug_line    0x0000000000004723      0x9b4 Core/Src/tim.o
 .debug_line    0x00000000000050d7      0xa4e Core/Src/usart.o
 .debug_line    0x0000000000005b25       0x89 Core/Startup/startup_stm32f051r8tx.o
 .debug_line    0x0000000000005bae      0x655 Drivers/STM32F0xx_HAL_Driver/Src/stm32f0xx_ll_exti.o
 .debug_line    0x0000000000006203      0x699 Drivers/STM32F0xx_HAL_Driver/Src/stm32f0xx_ll_gpio.o
 .debug_line    0x000000000000689c      0x8f8 Drivers/STM32F0xx_HAL_Driver/Src/stm32f0xx_ll_rcc.o
 .debug_line    0x0000000000007194      0xb1e Drivers/STM32F0xx_HAL_Driver/Src/stm32f0xx_ll_tim.o
 .debug_line    0x0000000000007cb2      0x729 Drivers/STM32F0xx_HAL_Driver/Src/stm32f0xx_ll_usart.o
 .debug_line    0x00000000000083db      0x90e Drivers/STM32F0xx_HAL_Driver/Src/stm32f0xx_ll_utils.o

.debug_str      0x0000000000000000    0x47b8d
 .debug_str     0x0000000000000000    0x43a57 Core/Src/StepMotorLib.o
                                      0x43d3a (size before relaxing)
 .debug_str     0x0000000000043a57       0x76 Core/Src/StepMotorParams.o
                                      0x43236 (size before relaxing)
 .debug_str     0x0000000000043acd       0x64 Core/Src/axis.o
                                      0x4320c (size before relaxing)
 .debug_str     0x0000000000043b31      0x400 Core/Src/dma.o
                                      0x3fcec (size before relaxing)
 .debug_str     0x0000000000043f31      0x123 Core/Src/gpio.o
                                      0x3fa5d (size before relaxing)
 .debug_str     0x0000000000044054      0x24e Core/Src/main.o
                                      0x43507 (size before relaxing)
 .debug_str     0x00000000000442a2      0x158 Core/Src/stm32f0xx_it.o
                                      0x4340a (size before relaxing)
 .debug_str     0x00000000000443fa       0x80 Core/Src/system_stm32f0xx.o
                                      0x369df (size before relaxing)
 .debug_str     0x000000000004447a      0x174 Core/Src/tim.o
                                      0x3fe16 (size before relaxing)
 .debug_str     0x00000000000445ee      0x2df Core/Src/usart.o
                                      0x4025d (size before relaxing)
 .debug_str     0x00000000000448cd       0x36 Core/Startup/startup_stm32f051r8tx.o
                                         0x69 (size before relaxing)
 .debug_str     0x0000000000044903      0x35f Drivers/STM32F0xx_HAL_Driver/Src/stm32f0xx_ll_exti.o
                                      0x37193 (size before relaxing)
 .debug_str     0x0000000000044c62      0x4ea Drivers/STM32F0xx_HAL_Driver/Src/stm32f0xx_ll_gpio.o
                                      0x37c2c (size before relaxing)
 .debug_str     0x000000000004514c      0x3f3 Drivers/STM32F0xx_HAL_Driver/Src/stm32f0xx_ll_rcc.o
                                      0x38926 (size before relaxing)
 .debug_str     0x000000000004553f     0x1260 Drivers/STM32F0xx_HAL_Driver/Src/stm32f0xx_ll_tim.o
                                      0x3b330 (size before relaxing)
 .debug_str     0x000000000004679f      0x81f Drivers/STM32F0xx_HAL_Driver/Src/stm32f0xx_ll_usart.o
                                      0x3a496 (size before relaxing)
 .debug_str     0x0000000000046fbe      0xbcf Drivers/STM32F0xx_HAL_Driver/Src/stm32f0xx_ll_utils.o
                                      0x39f29 (size before relaxing)

.comment        0x0000000000000000       0x53
 .comment       0x0000000000000000       0x53 Core/Src/StepMotorLib.o
                                         0x54 (size before relaxing)
 .comment       0x0000000000000053       0x54 Core/Src/StepMotorParams.o
 .comment       0x0000000000000053       0x54 Core/Src/axis.o
 .comment       0x0000000000000053       0x54 Core/Src/dma.o
 .comment       0x0000000000000053       0x54 Core/Src/gpio.o
 .comment       0x0000000000000053       0x54 Core/Src/main.o
 .comment       0x0000000000000053       0x54 Core/Src/stm32f0xx_it.o
 .comment       0x0000000000000053       0x54 Core/Src/system_stm32f0xx.o
 .comment       0x0000000000000053       0x54 Core/Src/tim.o
 .comment       0x0000000000000053       0x54 Core/Src/usart.o
 .comment       0x0000000000000053       0x54 Drivers/STM32F0xx_HAL_Driver/Src/stm32f0xx_ll_exti.o
 .comment       0x0000000000000053       0x54 Drivers/STM32F0xx_HAL_Driver/Src/stm32f0xx_ll_gpio.o
 .comment       0x0000000000000053       0x54 Drivers/STM32F0xx_HAL_Driver/Src/stm32f0xx_ll_rcc.o
 .comment       0x0000000000000053       0x54 Drivers/STM32F0xx_HAL_Driver/Src/stm32f0xx_ll_tim.o
 .comment       0x0000000000000053       0x54 Drivers/STM32F0xx_HAL_Driver/Src/stm32f0xx_ll_usart.o
 .comment       0x0000000000000053       0x54 Drivers/STM32F0xx_HAL_Driver/Src/stm32f0xx_ll_utils.o

.debug_frame    0x0000000000000000     0x2260
 .debug_frame   0x0000000000000000      0x3c4 Core/Src/StepMotorLib.o
 .debug_frame   0x00000000000003c4       0x54 Core/Src/StepMotorParams.o
 .debug_frame   0x0000000000000418       0x74 Core/Src/axis.o
 .debug_frame   0x000000000000048c      0x1ec Core/Src/dma.o
 .debug_frame   0x0000000000000678       0xf0 Core/Src/gpio.o
 .debug_frame   0x0000000000000768      0x308 Core/Src/main.o
 .debug_frame   0x0000000000000a70      0x230 Core/Src/stm32f0xx_it.o
 .debug_frame   0x0000000000000ca0       0x4c Core/Src/system_stm32f0xx.o
 .debug_frame   0x0000000000000cec      0x1b4 Core/Src/tim.o
 .debug_frame   0x0000000000000ea0      0x370 Core/Src/usart.o
 .debug_frame   0x0000000000001210      0x16c Drivers/STM32F0xx_HAL_Driver/Src/stm32f0xx_ll_exti.o
 .debug_frame   0x000000000000137c      0x170 Drivers/STM32F0xx_HAL_Driver/Src/stm32f0xx_ll_gpio.o
 .debug_frame   0x00000000000014ec      0x358 Drivers/STM32F0xx_HAL_Driver/Src/stm32f0xx_ll_rcc.o
 .debug_frame   0x0000000000001844      0x450 Drivers/STM32F0xx_HAL_Driver/Src/stm32f0xx_ll_tim.o
 .debug_frame   0x0000000000001c94      0x1d0 Drivers/STM32F0xx_HAL_Driver/Src/stm32f0xx_ll_usart.o
 .debug_frame   0x0000000000001e64      0x328 Drivers/STM32F0xx_HAL_Driver/Src/stm32f0xx_ll_utils.o
 .debug_frame   0x000000000000218c       0x20 /opt/st/stm32cubeide_1.6.1/plugins/com.st.stm32cube.ide.mcu.externaltools.gnu-tools-for-stm32.9-2020-q2-update.linux64_1.5.0.202011040924/tools/bin/../lib/gcc/arm-none-eabi/9.3.1/../../../../arm-none-eabi/lib/thumb/v6-m/nofp/libc_nano.a(lib_a-errno.o)
 .debug_frame   0x00000000000021ac       0x2c /opt/st/stm32cubeide_1.6.1/plugins/com.st.stm32cube.ide.mcu.externaltools.gnu-tools-for-stm32.9-2020-q2-update.linux64_1.5.0.202011040924/tools/bin/../lib/gcc/arm-none-eabi/9.3.1/../../../../arm-none-eabi/lib/thumb/v6-m/nofp/libc_nano.a(lib_a-init.o)
 .debug_frame   0x00000000000021d8       0x28 /opt/st/stm32cubeide_1.6.1/plugins/com.st.stm32cube.ide.mcu.externaltools.gnu-tools-for-stm32.9-2020-q2-update.linux64_1.5.0.202011040924/tools/bin/../lib/gcc/arm-none-eabi/9.3.1/../../../../arm-none-eabi/lib/thumb/v6-m/nofp/libc_nano.a(lib_a-memcpy-stub.o)
 .debug_frame   0x0000000000002200       0x20 /opt/st/stm32cubeide_1.6.1/plugins/com.st.stm32cube.ide.mcu.externaltools.gnu-tools-for-stm32.9-2020-q2-update.linux64_1.5.0.202011040924/tools/bin/../lib/gcc/arm-none-eabi/9.3.1/../../../../arm-none-eabi/lib/thumb/v6-m/nofp/libc_nano.a(lib_a-memset.o)
 .debug_frame   0x0000000000002220       0x20 /opt/st/stm32cubeide_1.6.1/plugins/com.st.stm32cube.ide.mcu.externaltools.gnu-tools-for-stm32.9-2020-q2-update.linux64_1.5.0.202011040924/tools/bin/../lib/gcc/arm-none-eabi/9.3.1/thumb/v6-m/nofp/libgcc.a(_udivsi3.o)
 .debug_frame   0x0000000000002240       0x20 /opt/st/stm32cubeide_1.6.1/plugins/com.st.stm32cube.ide.mcu.externaltools.gnu-tools-for-stm32.9-2020-q2-update.linux64_1.5.0.202011040924/tools/bin/../lib/gcc/arm-none-eabi/9.3.1/thumb/v6-m/nofp/libgcc.a(_divsi3.o)
