stm32f0xx_ll_tim.h:1510:22:LL_TIM_CC_EnableChannel	16	static
stm32f0xx_ll_tim.h:1535:22:LL_TIM_CC_DisableChannel	16	static
stm32f0xx_ll_tim.h:1867:22:LL_TIM_OC_EnablePreload	24	static
stm32f0xx_ll_tim.h:1888:22:LL_TIM_OC_DisablePreload	24	static
stm32f0xx_ll_tim.h:2017:22:LL_TIM_OC_SetCompareCH1	16	static
stm32f0xx_ll_tim.h:2034:22:LL_TIM_OC_SetCompareCH2	16	static
stm32f0xx_ll_tim.h:2051:22:LL_TIM_OC_SetCompareCH3	16	static
stm32f0xx_ll_gpio.h:839:22:LL_GPIO_SetOutputPin	16	static
stm32f0xx_ll_gpio.h:868:22:LL_GPIO_ResetOutputPin	16	static
StepMotorLib.h:46:21:SM_Wire_Verificator	16	static
StepMotorLib.h:51:21:SM_Timer_Channel_Verificator	16	static
StepMotorLib.h:56:21:SM_Step_Motor_Verificator	16	static
StepMotorLib.h:68:22:SM_Enable	16	static
StepMotorLib.h:71:22:SM_Disable	16	static
StepMotorLib.h:75:22:SM_Set_Dir_ClockWise	16	static
StepMotorLib.h:78:22:SM_Set_Dir_CounterClockWise	16	static
StepMotorLib.h:81:22:SM_Set_Direction	16	static
StepMotorLib.c:51:6:SM_Enable_TIM_Channel	16	static
StepMotorLib.c:55:6:SM_Disable_TIM_Channel	16	static
StepMotorLib.c:60:6:ST_Step_Driver	88	static
StepMotorLib.c:142:6:SM_Driver_Reset_Step_Motors	8	static
StepMotorLib.c:145:6:SM_Driver_Reset_Unit_Tasks	8	static
StepMotorLib.c:148:6:SM_Driver_Reset_Counters	16	static
StepMotorLib.c:152:6:SM_Driver_Reset_All	8	static
StepMotorLib.c:158:5:SM_Driver_Init_Step_Motor	24	static
StepMotorLib.c:172:5:SM_Driver_Verifier	16	static
StepMotorLib.c:180:6:SM_Driver_Set_Direction	16	static
StepMotorLib.c:184:6:SM_Driver_Enable_Step_Motors	8	static
StepMotorLib.c:187:6:SM_Driver_Disable_Step_Motors	16	static
StepMotorLib.c:192:6:SM_Driver_Set_Task	16	static
