stm32f0xx_ll_rcc.h:748:22:LL_RCC_HSI_Enable	8	static
stm32f0xx_ll_rcc.h:768:26:LL_RCC_HSI_IsReady	8	static
stm32f0xx_ll_rcc.h:794:22:LL_RCC_HSI_SetCalibTrimming	16	static
stm32f0xx_ll_rcc.h:1100:22:LL_RCC_SetSysClkSource	16	static
stm32f0xx_ll_rcc.h:1116:26:LL_RCC_GetSysClkSource	8	static
stm32f0xx_ll_rcc.h:1136:22:LL_RCC_SetAHBPrescaler	16	static
stm32f0xx_ll_rcc.h:1152:22:LL_RCC_SetAPB1Prescaler	16	static
stm32f0xx_ll_rcc.h:1273:22:LL_RCC_SetUSARTClockSource	16	static
stm32f0xx_ll_rcc.h:1507:22:LL_RCC_PLL_Enable	8	static
stm32f0xx_ll_rcc.h:1528:26:LL_RCC_PLL_IsReady	8	static
stm32f0xx_ll_rcc.h:1629:22:LL_RCC_PLL_ConfigDomain_SYS	16	static
stm32f0xx_ll_bus.h:415:22:LL_APB1_GRP1_EnableClock	24	static
stm32f0xx_ll_bus.h:665:22:LL_APB1_GRP2_EnableClock	24	static
stm32f0xx_ll_system.h:1779:22:LL_FLASH_SetLatency	16	static
stm32f0xx_ll_system.h:1791:26:LL_FLASH_GetLatency	8	static
stm32f0xx_ll_tim.h:1038:22:LL_TIM_DisableCounter	16	static
stm32f0xx_ll_tim.h:3044:22:LL_TIM_ClearFlag_UPDATE	16	static
stm32f0xx_ll_tim.h:3315:22:LL_TIM_EnableIT_UPDATE	16	static
stm32f0xx_ll_usart.h:3090:22:LL_USART_EnableIT_RXNE	16	static
stm32f0xx_ll_gpio.h:839:22:LL_GPIO_SetOutputPin	16	static
stm32f0xx_ll_gpio.h:868:22:LL_GPIO_ResetOutputPin	16	static
main.c:66:6:ErrorActions	8	static
main.c:81:6:PrepareTimes	8	static
main.c:97:5:main	16	static
main.c:176:6:SystemClock_Config	8	static
main.c:220:6:Error_Handler	8	static,ignoring_inline_asm
