stm32f0xx_ll_dma.h:602:22:LL_DMA_DisableChannel	16	static
stm32f0xx_ll_dma.h:1439:26:LL_DMA_IsActiveFlag_TC2	16	static
stm32f0xx_ll_dma.h:1450:26:LL_DMA_IsActiveFlag_TC3	16	static
stm32f0xx_ll_dma.h:1601:26:LL_DMA_IsActiveFlag_TE2	16	static
stm32f0xx_ll_dma.h:1612:26:LL_DMA_IsActiveFlag_TE3	16	static
stm32f0xx_ll_dma.h:1791:22:LL_DMA_ClearFlag_TC2	16	static
stm32f0xx_ll_dma.h:1802:22:LL_DMA_ClearFlag_TC3	16	static
stm32f0xx_ll_tim.h:3044:22:LL_TIM_ClearFlag_UPDATE	16	static
stm32f0xx_ll_tim.h:3055:26:LL_TIM_IsActiveFlag_UPDATE	16	static
stm32f0xx_ll_usart.h:2717:26:LL_USART_IsActiveFlag_RXNE	16	static
stm32f0xx_it.c:76:6:NMI_Handler	8	static
stm32f0xx_it.c:91:6:HardFault_Handler	8	static
stm32f0xx_it.c:106:6:SVC_Handler	8	static
stm32f0xx_it.c:119:6:PendSV_Handler	8	static
stm32f0xx_it.c:132:6:SysTick_Handler	8	static
stm32f0xx_it.c:153:6:DMA1_Channel2_3_IRQHandler	8	static
stm32f0xx_it.c:186:6:TIM6_DAC_IRQHandler	8	static
stm32f0xx_it.c:206:6:USART1_IRQHandler	8	static
