core_cm0.h:623:22:__NVIC_EnableIRQ	16	static
core_cm0.h:730:22:__NVIC_SetPriority	24	static
stm32f0xx_ll_dma.h:583:22:LL_DMA_EnableChannel	16	static
stm32f0xx_ll_dma.h:602:22:LL_DMA_DisableChannel	16	static
stm32f0xx_ll_dma.h:682:22:LL_DMA_SetDataTransferDirection	24	static
stm32f0xx_ll_dma.h:706:26:LL_DMA_GetDataTransferDirection	16	static
stm32f0xx_ll_dma.h:731:22:LL_DMA_SetMode	24	static
stm32f0xx_ll_dma.h:776:22:LL_DMA_SetPeriphIncMode	24	static
stm32f0xx_ll_dma.h:821:22:LL_DMA_SetMemoryIncMode	24	static
stm32f0xx_ll_dma.h:867:22:LL_DMA_SetPeriphSize	24	static
stm32f0xx_ll_dma.h:914:22:LL_DMA_SetMemorySize	24	static
stm32f0xx_ll_dma.h:962:22:LL_DMA_SetChannelPriorityLevel	24	static
stm32f0xx_ll_dma.h:1009:22:LL_DMA_SetDataLength	24	static
stm32f0xx_ll_dma.h:1060:22:LL_DMA_ConfigAddresses	24	static
stm32f0xx_ll_bus.h:227:22:LL_AHB1_GRP1_EnableClock	24	static
stm32f0xx_ll_bus.h:665:22:LL_APB1_GRP2_EnableClock	24	static
stm32f0xx_ll_usart.h:562:22:LL_USART_Enable	16	static
stm32f0xx_ll_usart.h:2305:22:LL_USART_ConfigAsyncMode	16	static
stm32f0xx_ll_usart.h:3354:22:LL_USART_DisableIT_CTS	16	static
stm32f0xx_ll_usart.h:3639:26:LL_USART_DMA_GetRegAddr	24	static
usart.c:29:6:DMA1_RecieveComplete	8	static
usart.c:33:6:DMA1_TransmitComplete	8	static
usart.c:39:6:UART_TX	32	static
usart.c:49:6:UART_RX	32	static
usart.c:59:6:UART_RX_Handler	40	static
usart.c:82:6:MX_USART1_UART_Init	72	static
