Archive member included to satisfy reference by file (symbol)

/opt/st/stm32cubeide_1.6.1/plugins/com.st.stm32cube.ide.mcu.externaltools.gnu-tools-for-stm32.9-2020-q2-update.linux64_1.5.0.202011040924/tools/bin/../lib/gcc/arm-none-eabi/9.3.1/../../../../arm-none-eabi/lib/thumb/v6-m/nofp/libc_nano.a(lib_a-errno.o)
                              Core/Src/StepMotorLib.o (__errno)
/opt/st/stm32cubeide_1.6.1/plugins/com.st.stm32cube.ide.mcu.externaltools.gnu-tools-for-stm32.9-2020-q2-update.linux64_1.5.0.202011040924/tools/bin/../lib/gcc/arm-none-eabi/9.3.1/../../../../arm-none-eabi/lib/thumb/v6-m/nofp/libc_nano.a(lib_a-exit.o)
                              /opt/st/stm32cubeide_1.6.1/plugins/com.st.stm32cube.ide.mcu.externaltools.gnu-tools-for-stm32.9-2020-q2-update.linux64_1.5.0.202011040924/tools/bin/../lib/gcc/arm-none-eabi/9.3.1/../../../../arm-none-eabi/lib/thumb/v6-m/nofp/crt0.o (exit)
/opt/st/stm32cubeide_1.6.1/plugins/com.st.stm32cube.ide.mcu.externaltools.gnu-tools-for-stm32.9-2020-q2-update.linux64_1.5.0.202011040924/tools/bin/../lib/gcc/arm-none-eabi/9.3.1/../../../../arm-none-eabi/lib/thumb/v6-m/nofp/libc_nano.a(lib_a-impure.o)
                              /opt/st/stm32cubeide_1.6.1/plugins/com.st.stm32cube.ide.mcu.externaltools.gnu-tools-for-stm32.9-2020-q2-update.linux64_1.5.0.202011040924/tools/bin/../lib/gcc/arm-none-eabi/9.3.1/../../../../arm-none-eabi/lib/thumb/v6-m/nofp/libc_nano.a(lib_a-exit.o) (_global_impure_ptr)
/opt/st/stm32cubeide_1.6.1/plugins/com.st.stm32cube.ide.mcu.externaltools.gnu-tools-for-stm32.9-2020-q2-update.linux64_1.5.0.202011040924/tools/bin/../lib/gcc/arm-none-eabi/9.3.1/../../../../arm-none-eabi/lib/thumb/v6-m/nofp/libc_nano.a(lib_a-init.o)
                              /opt/st/stm32cubeide_1.6.1/plugins/com.st.stm32cube.ide.mcu.externaltools.gnu-tools-for-stm32.9-2020-q2-update.linux64_1.5.0.202011040924/tools/bin/../lib/gcc/arm-none-eabi/9.3.1/../../../../arm-none-eabi/lib/thumb/v6-m/nofp/crt0.o (__libc_init_array)
/opt/st/stm32cubeide_1.6.1/plugins/com.st.stm32cube.ide.mcu.externaltools.gnu-tools-for-stm32.9-2020-q2-update.linux64_1.5.0.202011040924/tools/bin/../lib/gcc/arm-none-eabi/9.3.1/../../../../arm-none-eabi/lib/thumb/v6-m/nofp/libc_nano.a(lib_a-memcpy-stub.o)
                              Core/Src/StepMotorLib.o (memcpy)
/opt/st/stm32cubeide_1.6.1/plugins/com.st.stm32cube.ide.mcu.externaltools.gnu-tools-for-stm32.9-2020-q2-update.linux64_1.5.0.202011040924/tools/bin/../lib/gcc/arm-none-eabi/9.3.1/../../../../arm-none-eabi/lib/thumb/v6-m/nofp/libc_nano.a(lib_a-memset.o)
                              /opt/st/stm32cubeide_1.6.1/plugins/com.st.stm32cube.ide.mcu.externaltools.gnu-tools-for-stm32.9-2020-q2-update.linux64_1.5.0.202011040924/tools/bin/../lib/gcc/arm-none-eabi/9.3.1/../../../../arm-none-eabi/lib/thumb/v6-m/nofp/crt0.o (memset)
/opt/st/stm32cubeide_1.6.1/plugins/com.st.stm32cube.ide.mcu.externaltools.gnu-tools-for-stm32.9-2020-q2-update.linux64_1.5.0.202011040924/tools/bin/../lib/gcc/arm-none-eabi/9.3.1/thumb/v6-m/nofp/libgcc.a(_udivsi3.o)
                              Core/Src/axis.o (__aeabi_uidiv)
/opt/st/stm32cubeide_1.6.1/plugins/com.st.stm32cube.ide.mcu.externaltools.gnu-tools-for-stm32.9-2020-q2-update.linux64_1.5.0.202011040924/tools/bin/../lib/gcc/arm-none-eabi/9.3.1/thumb/v6-m/nofp/libgcc.a(_divsi3.o)
                              Core/Src/axis.o (__aeabi_idiv)
/opt/st/stm32cubeide_1.6.1/plugins/com.st.stm32cube.ide.mcu.externaltools.gnu-tools-for-stm32.9-2020-q2-update.linux64_1.5.0.202011040924/tools/bin/../lib/gcc/arm-none-eabi/9.3.1/thumb/v6-m/nofp/libgcc.a(_dvmd_tls.o)
                              /opt/st/stm32cubeide_1.6.1/plugins/com.st.stm32cube.ide.mcu.externaltools.gnu-tools-for-stm32.9-2020-q2-update.linux64_1.5.0.202011040924/tools/bin/../lib/gcc/arm-none-eabi/9.3.1/thumb/v6-m/nofp/libgcc.a(_udivsi3.o) (__aeabi_idiv0)

Discarded input sections

 .text          0x0000000000000000        0x0 /opt/st/stm32cubeide_1.6.1/plugins/com.st.stm32cube.ide.mcu.externaltools.gnu-tools-for-stm32.9-2020-q2-update.linux64_1.5.0.202011040924/tools/bin/../lib/gcc/arm-none-eabi/9.3.1/thumb/v6-m/nofp/crti.o
 .data          0x0000000000000000        0x0 /opt/st/stm32cubeide_1.6.1/plugins/com.st.stm32cube.ide.mcu.externaltools.gnu-tools-for-stm32.9-2020-q2-update.linux64_1.5.0.202011040924/tools/bin/../lib/gcc/arm-none-eabi/9.3.1/thumb/v6-m/nofp/crti.o
 .bss           0x0000000000000000        0x0 /opt/st/stm32cubeide_1.6.1/plugins/com.st.stm32cube.ide.mcu.externaltools.gnu-tools-for-stm32.9-2020-q2-update.linux64_1.5.0.202011040924/tools/bin/../lib/gcc/arm-none-eabi/9.3.1/thumb/v6-m/nofp/crti.o
 .data          0x0000000000000000        0x4 /opt/st/stm32cubeide_1.6.1/plugins/com.st.stm32cube.ide.mcu.externaltools.gnu-tools-for-stm32.9-2020-q2-update.linux64_1.5.0.202011040924/tools/bin/../lib/gcc/arm-none-eabi/9.3.1/thumb/v6-m/nofp/crtbegin.o
[...]
Memory Configuration

Name             Origin             Length             Attributes
RAM              0x0000000020000000 0x0000000000002000 xrw
FLASH            0x0000000008000000 0x0000000000010000 xr
*default*        0x0000000000000000 0xffffffffffffffff

Linker script and memory map

LOAD /opt/st/stm32cubeide_1.6.1/plugins/com.st.stm32cube.ide.mcu.externaltools.gnu-tools-for-stm32.9-2020-q2-update.linux64_1.5.0.202011040924/tools/bin/../lib/gcc/arm-none-eabi/9.3.1/thumb/v6-m/nofp/crti.o
LOAD /opt/st/stm32cubeide_1.6.1/plugins/com.st.stm32cube.ide.mcu.externaltools.gnu-tools-for-stm32.9-2020-q2-update.linux64_1.5.0.202011040924/tools/bin/../lib/gcc/arm-none-eabi/9.3.1/thumb/v6-m/nofp/crtbegin.o
LOAD /opt/st/stm32cubeide_1.6.1/plugins/com.st.stm32cube.ide.mcu.externaltools.gnu-tools-for-stm32.9-2020-q2-update.linux64_1.5.0.202011040924/tools/bin/../lib/gcc/arm-none-eabi/9.3.1/../../../../arm-none-eabi/lib/thumb/v6-m/nofp/crt0.o
LOAD Core/Src/StepMotorLib.o
LOAD Core/Src/StepMotorParams.o
LOAD Core/Src/axis.o
LOAD Core/Src/dma.o
LOAD Core/Src/gpio.o
LOAD Core/Src/main.o
LOAD Core/Src/mfgcode_uart.o
LOAD Core/Src/stm32f0xx_it.o
LOAD Core/Src/syscalls.o
LOAD Core/Src/sysmem.o
LOAD Core/Src/system_stm32f0xx.o
LOAD Core/Src/tim.o
LOAD Core/Src/usart.o
LOAD Core/Startup/startup_stm32f051r8tx.o
LOAD Drivers/STM32F0xx_HAL_Driver/Src/stm32f0xx_ll_dma.o
LOAD Drivers/STM32F0xx_HAL_Driver/Src/stm32f0xx_ll_exti.o
LOAD Drivers/STM32F0xx_HAL_Driver/Src/stm32f0xx_ll_gpio.o
LOAD Drivers/STM32F0xx_HAL_Driver/Src/stm32f0xx_ll_pwr.o
LOAD Drivers/STM32F0xx_HAL_Driver/Src/stm32f0xx_ll_rcc.o
LOAD Drivers/STM32F0xx_HAL_Driver/Src/stm32f0xx_ll_tim.o
LOAD Drivers/STM32F0xx_HAL_Driver/Src/stm32f0xx_ll_usart.o
LOAD Drivers/STM32F0xx_HAL_Driver/Src/stm32f0xx_ll_utils.o
START GROUP
LOAD /opt/st/stm32cubeide_1.6.1/plugins/com.st.stm32cube.ide.mcu.externaltools.gnu-tools-for-stm32.9-2020-q2-update.linux64_1.5.0.202011040924/tools/bin/../lib/gcc/arm-none-eabi/9.3.1/../../../../arm-none-eabi/lib/thumb/v6-m/nofp/libc_nano.a
LOAD /opt/st/stm32cubeide_1.6.1/plugins/com.st.stm32cube.ide.mcu.externaltools.gnu-tools-for-stm32.9-2020-q2-update.linux64_1.5.0.202011040924/tools/bin/../lib/gcc/arm-none-eabi/9.3.1/../../../../arm-none-eabi/lib/thumb/v6-m/nofp/libm.a
END GROUP
START GROUP
LOAD /opt/st/stm32cubeide_1.6.1/plugins/com.st.stm32cube.ide.mcu.externaltools.gnu-tools-for-stm32.9-2020-q2-update.linux64_1.5.0.202011040924/tools/bin/../lib/gcc/arm-none-eabi/9.3.1/thumb/v6-m/nofp/libgcc.a
LOAD /opt/st/stm32cubeide_1.6.1/plugins/com.st.stm32cube.ide.mcu.externaltools.gnu-tools-for-stm32.9-2020-q2-update.linux64_1.5.0.202011040924/tools/bin/../lib/gcc/arm-none-eabi/9.3.1/../../../../arm-none-eabi/lib/thumb/v6-m/nofp/libc_nano.a
END GROUP
START GROUP
LOAD /opt/st/stm32cubeide_1.6.1/plugins/com.st.stm32cube.ide.mcu.externaltools.gnu-tools-for-stm32.9-2020-q2-update.linux64_1.5.0.202011040924/tools/bin/../lib/gcc/arm-none-eabi/9.3.1/thumb/v6-m/nofp/libgcc.a
LOAD /opt/st/stm32cubeide_1.6.1/plugins/com.st.stm32cube.ide.mcu.externaltools.gnu-tools-for-stm32.9-2020-q2-update.linux64_1.5.0.202011040924/tools/bin/../lib/gcc/arm-none-eabi/9.3.1/../../../../arm-none-eabi/lib/thumb/v6-m/nofp/libc_nano.a
LOAD /opt/st/stm32cubeide_1.6.1/plugins/com.st.stm32cube.ide.mcu.externaltools.gnu-tools-for-stm32.9-2020-q2-update.linux64_1.5.0.202011040924/tools/bin/../lib/gcc/arm-none-eabi/9.3.1/../../../../arm-none-eabi/lib/thumb/v6-m/nofp/libnosys.a
END GROUP
START GROUP
LOAD /opt/st/stm32cubeide_1.6.1/plugins/com.st.stm32cube.ide.mcu.externaltools.gnu-tools-for-stm32.9-2020-q2-update.linux64_1.5.0.202011040924/tools/bin/../lib/gcc/arm-none-eabi/9.3.1/thumb/v6-m/nofp/libgcc.a
LOAD /opt/st/stm32cubeide_1.6.1/plugins/com.st.stm32cube.ide.mcu.externaltools.gnu-tools-for-stm32.9-2020-q2-update.linux64_1.5.0.202011040924/tools/bin/../lib/gcc/arm-none-eabi/9.3.1/../../../../arm-none-eabi/lib/thumb/v6-m/nofp/libc_nano.a
LOAD /opt/st/stm32cubeide_1.6.1/plugins/com.st.stm32cube.ide.mcu.externaltools.gnu-tools-for-stm32.9-2020-q2-update.linux64_1.5.0.202011040924/tools/bin/../lib/gcc/arm-none-eabi/9.3.1/../../../../arm-none-eabi/lib/thumb/v6-m/nofp/libnosys.a
END GROUP
LOAD /opt/st/stm32cubeide_1.6.1/plugins/com.st.stm32cube.ide.mcu.externaltools.gnu-tools-for-stm32.9-2020-q2-update.linux64_1.5.0.202011040924/tools/bin/../lib/gcc/arm-none-eabi/9.3.1/thumb/v6-m/nofp/crtend.o
LOAD /opt/st/stm32cubeide_1.6.1/plugins/com.st.stm32cube.ide.mcu.externaltools.gnu-tools-for-stm32.9-2020-q2-update.linux64_1.5.0.202011040924/tools/bin/../lib/gcc/arm-none-eabi/9.3.1/thumb/v6-m/nofp/crtn.o
                0x0000000020002000                _estack = (ORIGIN (RAM) + LENGTH (RAM))
                0x0000000000000200                _Min_Heap_Size = 0x200
                0x0000000000000400                _Min_Stack_Size = 0x400

.isr_vector     0x0000000008000000       0xc0
                0x0000000008000000                . = ALIGN (0x4)
 *(.isr_vector)
 .isr_vector    0x0000000008000000       0xc0 Core/Startup/startup_stm32f051r8tx.o
                0x0000000008000000                g_pfnVectors
                0x00000000080000c0                . = ALIGN (0x4)

.text           0x00000000080000c0     0x37ac
                0x00000000080000c0                . = ALIGN (0x4)
 *(.text)
 .text          0x00000000080000c0       0x48 /opt/st/stm32cubeide_1.6.1/plugins/com.st.stm32cube.ide.mcu.externaltools.gnu-tools-for-stm32.9-2020-q2-update.linux64_1.5.0.202011040924/tools/bin/../lib/gcc/arm-none-eabi/9.3.1/thumb/v6-m/nofp/crtbegin.o
 .text          0x0000000008000108      0x114 /opt/st/stm32cubeide_1.6.1/plugins/com.st.stm32cube.ide.mcu.externaltools.gnu-tools-for-stm32.9-2020-q2-update.linux64_1.5.0.202011040924/tools/bin/../lib/gcc/arm-none-eabi/9.3.1/thumb/v6-m/nofp/libgcc.a(_udivsi3.o)
                0x0000000008000108                __udivsi3
                0x0000000008000108                __aeabi_uidiv
                0x0000000008000214                __aeabi_uidivmod
 .text          0x000000000800021c      0x1d4 /opt/st/stm32cubeide_1.6.1/plugins/com.st.stm32cube.ide.mcu.externaltools.gnu-tools-for-stm32.9-2020-q2-update.linux64_1.5.0.202011040924/tools/bin/../lib/gcc/arm-none-eabi/9.3.1/thumb/v6-m/nofp/libgcc.a(_divsi3.o)
                0x000000000800021c                __aeabi_idiv
                0x000000000800021c                __divsi3
                0x00000000080003e8                __aeabi_idivmod
 .text          0x00000000080003f0        0x4 /opt/st/stm32cubeide_1.6.1/plugins/com.st.stm32cube.ide.mcu.externaltools.gnu-tools-for-stm32.9-2020-q2-update.linux64_1.5.0.202011040924/tools/bin/../lib/gcc/arm-none-eabi/9.3.1/thumb/v6-m/nofp/libgcc.a(_dvmd_tls.o)
                0x00000000080003f0                __aeabi_ldiv0
                0x00000000080003f0                __aeabi_idiv0
 *(.text*)
 .text.LL_TIM_CC_EnableChannel
                0x00000000080003f4       0x1e Core/Src/StepMotorLib.o
 .text.LL_TIM_CC_DisableChannel
                0x0000000008000412       0x20 Core/Src/StepMotorLib.o
 *fill*         0x0000000008000432        0x2 
 .text.LL_TIM_OC_EnablePreload
                0x0000000008000434       0x90 Core/Src/StepMotorLib.o
 .text.LL_TIM_OC_DisablePreload
                0x00000000080004c4       0x94 Core/Src/StepMotorLib.o
 .text.LL_TIM_OC_SetCompareCH1
                0x0000000008000558       0x18 Core/Src/StepMotorLib.o
 .text.LL_TIM_OC_SetCompareCH2
                0x0000000008000570       0x18 Core/Src/StepMotorLib.o
 .text.LL_TIM_OC_SetCompareCH3
                0x0000000008000588       0x18 Core/Src/StepMotorLib.o
 .text.LL_GPIO_SetOutputPin
                0x00000000080005a0       0x18 Core/Src/StepMotorLib.o
 .text.LL_GPIO_ResetOutputPin
                0x00000000080005b8       0x18 Core/Src/StepMotorLib.o
 .text.SM_Wire_Verificator
                0x00000000080005d0       0x30 Core/Src/StepMotorLib.o
 .text.SM_Timer_Channel_Verificator
                0x0000000008000600       0x30 Core/Src/StepMotorLib.o
 .text.SM_Step_Motor_Verificator
                0x0000000008000630       0x44 Core/Src/StepMotorLib.o
 .text.SM_Enable
                0x0000000008000674       0x20 Core/Src/StepMotorLib.o
 .text.SM_Set_Dir_ClockWise
                0x0000000008000694       0x20 Core/Src/StepMotorLib.o
 .text.SM_Set_Dir_CounterClockWise
                0x00000000080006b4       0x20 Core/Src/StepMotorLib.o
 .text.SM_Set_Direction
                0x00000000080006d4       0x30 Core/Src/StepMotorLib.o
 .text.SM_Disable_TIM_Channel
                0x0000000008000704       0x24 Core/Src/StepMotorLib.o
                0x0000000008000704                SM_Disable_TIM_Channel
 .text.ST_Step_Driver
                0x0000000008000728      0x22c Core/Src/StepMotorLib.o
                0x0000000008000728                ST_Step_Driver
 .text.SM_Driver_Reset_Step_Motors
                0x0000000008000954       0x1c Core/Src/StepMotorLib.o
                0x0000000008000954                SM_Driver_Reset_Step_Motors
 .text.SM_Driver_Reset_Unit_Tasks
                0x0000000008000970       0x1c Core/Src/StepMotorLib.o
                0x0000000008000970                SM_Driver_Reset_Unit_Tasks
 .text.SM_Driver_Reset_Counters
                0x000000000800098c       0x38 Core/Src/StepMotorLib.o
                0x000000000800098c                SM_Driver_Reset_Counters
 .text.SM_Driver_Reset_All
                0x00000000080009c4       0x16 Core/Src/StepMotorLib.o
                0x00000000080009c4                SM_Driver_Reset_All
 *fill*         0x00000000080009da        0x2 
 .text.SM_Driver_Init_Step_Motor
                0x00000000080009dc       0x64 Core/Src/StepMotorLib.o
                0x00000000080009dc                SM_Driver_Init_Step_Motor
 .text.SM_Driver_Verifier
                0x0000000008000a40       0x48 Core/Src/StepMotorLib.o
                0x0000000008000a40                SM_Driver_Verifier
 .text.SM_Driver_Set_Direction
                0x0000000008000a88       0x3c Core/Src/StepMotorLib.o
                0x0000000008000a88                SM_Driver_Set_Direction
 .text.SM_Driver_Enable_Step_Motors
                0x0000000008000ac4       0x18 Core/Src/StepMotorLib.o
                0x0000000008000ac4                SM_Driver_Enable_Step_Motors
 .text.SM_Driver_Set_Task
                0x0000000008000adc       0x68 Core/Src/StepMotorLib.o
                0x0000000008000adc                SM_Driver_Set_Task
 .text.LL_TIM_DisableCounter
                0x0000000008000b44       0x1e Core/Src/StepMotorParams.o
 *fill*         0x0000000008000b62        0x2 
 .text.InitializeDriverStepMotors
                0x0000000008000b64       0xe4 Core/Src/StepMotorParams.o
                0x0000000008000b64                InitializeDriverStepMotors
 .text.LL_TIM_EnableCounter
                0x0000000008000c48       0x1c Core/Src/axis.o
 .text.DeltaTime2TimerTick
                0x0000000008000c64       0x28 Core/Src/axis.o
 .text.AxisRotate
                0x0000000008000c8c       0x98 Core/Src/axis.o
                0x0000000008000c8c                AxisRotate
 .text.__NVIC_EnableIRQ
                0x0000000008000d24       0x34 Core/Src/dma.o
 .text.__NVIC_SetPriority
                0x0000000008000d58       0xdc Core/Src/dma.o
 .text.LL_AHB1_GRP1_EnableClock
                0x0000000008000e34       0x2c Core/Src/dma.o
 .text.MX_DMA_Init
                0x0000000008000e60       0x1e Core/Src/dma.o
                0x0000000008000e60                MX_DMA_Init
 *fill*         0x0000000008000e7e        0x2 
 .text.LL_AHB1_GRP1_EnableClock
                0x0000000008000e80       0x2c Core/Src/gpio.o
 .text.LL_SYSCFG_SetEXTISource
                0x0000000008000eac       0x4c Core/Src/gpio.o
 .text.LL_GPIO_SetPinMode
                0x0000000008000ef8       0x38 Core/Src/gpio.o
 .text.LL_GPIO_SetPinPull
                0x0000000008000f30       0x38 Core/Src/gpio.o
 .text.LL_GPIO_SetOutputPin
                0x0000000008000f68       0x18 Core/Src/gpio.o
 .text.LL_GPIO_ResetOutputPin
                0x0000000008000f80       0x18 Core/Src/gpio.o
 .text.MX_GPIO_Init
                0x0000000008000f98      0x1d0 Core/Src/gpio.o
                0x0000000008000f98                MX_GPIO_Init
 .text.LL_RCC_HSI_Enable
                0x0000000008001168       0x1c Core/Src/main.o
 .text.LL_RCC_HSI_IsReady
                0x0000000008001184       0x20 Core/Src/main.o
 .text.LL_RCC_HSI_SetCalibTrimming
                0x00000000080011a4       0x28 Core/Src/main.o
 .text.LL_RCC_SetSysClkSource
                0x00000000080011cc       0x28 Core/Src/main.o
 .text.LL_RCC_GetSysClkSource
                0x00000000080011f4       0x18 Core/Src/main.o
 .text.LL_RCC_SetAHBPrescaler
                0x000000000800120c       0x28 Core/Src/main.o
 .text.LL_RCC_SetAPB1Prescaler
                0x0000000008001234       0x2c Core/Src/main.o
 .text.LL_RCC_SetUSARTClockSource
                0x0000000008001260       0x34 Core/Src/main.o
 .text.LL_RCC_PLL_Enable
                0x0000000008001294       0x1c Core/Src/main.o
 .text.LL_RCC_PLL_IsReady
                0x00000000080012b0       0x28 Core/Src/main.o
 .text.LL_RCC_PLL_ConfigDomain_SYS
                0x00000000080012d8       0x4c Core/Src/main.o
 .text.LL_APB1_GRP1_EnableClock
                0x0000000008001324       0x2c Core/Src/main.o
 .text.LL_APB1_GRP2_EnableClock
                0x0000000008001350       0x2c Core/Src/main.o
 .text.LL_FLASH_SetLatency
                0x000000000800137c       0x28 Core/Src/main.o
 .text.LL_FLASH_GetLatency
                0x00000000080013a4       0x18 Core/Src/main.o
 .text.LL_TIM_DisableCounter
                0x00000000080013bc       0x1e Core/Src/main.o
 .text.LL_TIM_ClearFlag_UPDATE
                0x00000000080013da       0x18 Core/Src/main.o
 .text.LL_TIM_EnableIT_UPDATE
                0x00000000080013f2       0x1c Core/Src/main.o
 .text.LL_USART_EnableIT_RXNE
                0x000000000800140e       0x1c Core/Src/main.o
 .text.LL_GPIO_SetOutputPin
                0x000000000800142a       0x18 Core/Src/main.o
 .text.LL_GPIO_ResetOutputPin
                0x0000000008001442       0x18 Core/Src/main.o
 *fill*         0x000000000800145a        0x2 
 .text.ErrorActions
                0x000000000800145c       0x6c Core/Src/main.o
                0x000000000800145c                ErrorActions
 .text.PrepareTimes
                0x00000000080014c8       0x3c Core/Src/main.o
                0x00000000080014c8                PrepareTimes
 .text.main     0x0000000008001504       0xe4 Core/Src/main.o
                0x0000000008001504                main
 .text.SystemClock_Config
                0x00000000080015e8       0x88 Core/Src/main.o
                0x00000000080015e8                SystemClock_Config
 .text.LL_DMA_DisableChannel
                0x0000000008001670       0x3c Core/Src/stm32f0xx_it.o
 .text.LL_DMA_IsActiveFlag_TC2
                0x00000000080016ac       0x20 Core/Src/stm32f0xx_it.o
 .text.LL_DMA_IsActiveFlag_TC3
                0x00000000080016cc       0x2c Core/Src/stm32f0xx_it.o
 .text.LL_DMA_IsActiveFlag_TE2
                0x00000000080016f8       0x20 Core/Src/stm32f0xx_it.o
 .text.LL_DMA_IsActiveFlag_TE3
                0x0000000008001718       0x2c Core/Src/stm32f0xx_it.o
 .text.LL_DMA_ClearFlag_TC2
                0x0000000008001744       0x16 Core/Src/stm32f0xx_it.o
 .text.LL_DMA_ClearFlag_TC3
                0x000000000800175a       0x18 Core/Src/stm32f0xx_it.o
 .text.LL_TIM_ClearFlag_UPDATE
                0x0000000008001772       0x18 Core/Src/stm32f0xx_it.o
 .text.LL_TIM_IsActiveFlag_UPDATE
                0x000000000800178a       0x22 Core/Src/stm32f0xx_it.o
 .text.LL_USART_IsActiveFlag_RXNE
                0x00000000080017ac       0x22 Core/Src/stm32f0xx_it.o
 .text.NMI_Handler
                0x00000000080017ce        0x6 Core/Src/stm32f0xx_it.o
                0x00000000080017ce                NMI_Handler
 .text.HardFault_Handler
                0x00000000080017d4        0x6 Core/Src/stm32f0xx_it.o
                0x00000000080017d4                HardFault_Handler
 .text.SVC_Handler
                0x00000000080017da        0xa Core/Src/stm32f0xx_it.o
                0x00000000080017da                SVC_Handler
 .text.PendSV_Handler
                0x00000000080017e4        0xa Core/Src/stm32f0xx_it.o
                0x00000000080017e4                PendSV_Handler
 .text.SysTick_Handler
                0x00000000080017ee        0xa Core/Src/stm32f0xx_it.o
                0x00000000080017ee                SysTick_Handler
 .text.DMA1_Channel2_3_IRQHandler
                0x00000000080017f8       0x84 Core/Src/stm32f0xx_it.o
                0x00000000080017f8                DMA1_Channel2_3_IRQHandler
 .text.TIM6_DAC_IRQHandler
                0x000000000800187c       0x28 Core/Src/stm32f0xx_it.o
                0x000000000800187c                TIM6_DAC_IRQHandler
 .text.USART1_IRQHandler
                0x00000000080018a4       0x34 Core/Src/stm32f0xx_it.o
                0x00000000080018a4                USART1_IRQHandler
 .text.SystemInit
                0x00000000080018d8        0xa Core/Src/system_stm32f0xx.o
                0x00000000080018d8                SystemInit
 *fill*         0x00000000080018e2        0x2 
 .text.__NVIC_EnableIRQ
                0x00000000080018e4       0x34 Core/Src/tim.o
 .text.__NVIC_SetPriority
                0x0000000008001918       0xdc Core/Src/tim.o
 .text.LL_AHB1_GRP1_EnableClock
                0x00000000080019f4       0x2c Core/Src/tim.o
 .text.LL_APB1_GRP1_EnableClock
                0x0000000008001a20       0x2c Core/Src/tim.o
 .text.LL_TIM_SetOnePulseMode
                0x0000000008001a4c       0x24 Core/Src/tim.o
 .text.LL_TIM_DisableARRPreload
                0x0000000008001a70       0x1e Core/Src/tim.o
 *fill*         0x0000000008001a8e        0x2 
 .text.LL_TIM_OC_DisableFast
                0x0000000008001a90       0x94 Core/Src/tim.o
 .text.LL_TIM_OC_EnablePreload
                0x0000000008001b24       0x90 Core/Src/tim.o
 .text.LL_TIM_OC_DisablePreload
                0x0000000008001bb4       0x94 Core/Src/tim.o
 .text.LL_TIM_SetTriggerOutput
                0x0000000008001c48       0x24 Core/Src/tim.o
 .text.LL_TIM_DisableMasterSlaveMode
                0x0000000008001c6c       0x1e Core/Src/tim.o
 .text.MX_TIM2_Init
                0x0000000008001c8a      0x1f6 Core/Src/tim.o
                0x0000000008001c8a                MX_TIM2_Init
 .text.MX_TIM6_Init
                0x0000000008001e80       0x70 Core/Src/tim.o
                0x0000000008001e80                MX_TIM6_Init
 .text.__NVIC_EnableIRQ
                0x0000000008001ef0       0x34 Core/Src/usart.o
 .text.__NVIC_SetPriority
                0x0000000008001f24       0xdc Core/Src/usart.o
 .text.LL_DMA_EnableChannel
                0x0000000008002000       0x3c Core/Src/usart.o
 .text.LL_DMA_DisableChannel
                0x000000000800203c       0x3c Core/Src/usart.o
 .text.LL_DMA_SetDataTransferDirection
                0x0000000008002078       0x48 Core/Src/usart.o
 .text.LL_DMA_GetDataTransferDirection
                0x00000000080020c0       0x30 Core/Src/usart.o
 .text.LL_DMA_SetMode
                0x00000000080020f0       0x44 Core/Src/usart.o
 .text.LL_DMA_SetPeriphIncMode
                0x0000000008002134       0x44 Core/Src/usart.o
 .text.LL_DMA_SetMemoryIncMode
                0x0000000008002178       0x44 Core/Src/usart.o
 .text.LL_DMA_SetPeriphSize
                0x00000000080021bc       0x48 Core/Src/usart.o
 .text.LL_DMA_SetMemorySize
                0x0000000008002204       0x48 Core/Src/usart.o
 .text.LL_DMA_SetChannelPriorityLevel
                0x000000000800224c       0x48 Core/Src/usart.o
 .text.LL_DMA_SetDataLength
                0x0000000008002294       0x40 Core/Src/usart.o
 .text.LL_DMA_ConfigAddresses
                0x00000000080022d4       0x6c Core/Src/usart.o
 .text.LL_AHB1_GRP1_EnableClock
                0x0000000008002340       0x2c Core/Src/usart.o
 .text.LL_APB1_GRP2_EnableClock
                0x000000000800236c       0x2c Core/Src/usart.o
 .text.LL_USART_Enable
                0x0000000008002398       0x1c Core/Src/usart.o
 .text.LL_USART_ConfigAsyncMode
                0x00000000080023b4       0x30 Core/Src/usart.o
 .text.LL_USART_DisableIT_CTS
                0x00000000080023e4       0x20 Core/Src/usart.o
 .text.LL_USART_DMA_GetRegAddr
                0x0000000008002404       0x28 Core/Src/usart.o
 .text.DMA1_RecieveComplete
                0x000000000800242c       0x14 Core/Src/usart.o
                0x000000000800242c                DMA1_RecieveComplete
 .text.DMA1_TransmitComplete
                0x0000000008002440       0x14 Core/Src/usart.o
                0x0000000008002440                DMA1_TransmitComplete
 .text.UART_RX  0x0000000008002454       0x7c Core/Src/usart.o
                0x0000000008002454                UART_RX
 .text.UART_RX_Handler
                0x00000000080024d0       0xd8 Core/Src/usart.o
                0x00000000080024d0                UART_RX_Handler
 .text.MX_USART1_UART_Init
                0x00000000080025a8      0x1cc Core/Src/usart.o
                0x00000000080025a8                MX_USART1_UART_Init
 .text.Reset_Handler
                0x0000000008002774       0x50 Core/Startup/startup_stm32f051r8tx.o
                0x0000000008002774                Reset_Handler
 .text.Default_Handler
                0x00000000080027c4        0x2 Core/Startup/startup_stm32f051r8tx.o
                0x00000000080027c4                TIM1_CC_IRQHandler
                0x00000000080027c4                TSC_IRQHandler
                0x00000000080027c4                ADC1_COMP_IRQHandler
                0x00000000080027c4                PVD_IRQHandler
                0x00000000080027c4                I2C1_IRQHandler
                0x00000000080027c4                RCC_CRS_IRQHandler
                0x00000000080027c4                SPI1_IRQHandler
                0x00000000080027c4                EXTI2_3_IRQHandler
                0x00000000080027c4                I2C2_IRQHandler
                0x00000000080027c4                TIM17_IRQHandler
                0x00000000080027c4                CEC_CAN_IRQHandler
                0x00000000080027c4                RTC_IRQHandler
                0x00000000080027c4                TIM16_IRQHandler
                0x00000000080027c4                TIM3_IRQHandler
                0x00000000080027c4                EXTI4_15_IRQHandler
                0x00000000080027c4                DMA1_Channel1_IRQHandler
                0x00000000080027c4                Default_Handler
                0x00000000080027c4                TIM14_IRQHandler
                0x00000000080027c4                DMA1_Channel4_5_IRQHandler
                0x00000000080027c4                TIM15_IRQHandler
                0x00000000080027c4                EXTI0_1_IRQHandler
                0x00000000080027c4                SPI2_IRQHandler
                0x00000000080027c4                WWDG_IRQHandler
                0x00000000080027c4                TIM2_IRQHandler
                0x00000000080027c4                USART2_IRQHandler
                0x00000000080027c4                FLASH_IRQHandler
                0x00000000080027c4                TIM1_BRK_UP_TRG_COM_IRQHandler
 *fill*         0x00000000080027c6        0x2 
 .text.LL_EXTI_EnableIT_0_31
                0x00000000080027c8       0x20 Drivers/STM32F0xx_HAL_Driver/Src/stm32f0xx_ll_exti.o
 .text.LL_EXTI_DisableIT_0_31
                0x00000000080027e8       0x24 Drivers/STM32F0xx_HAL_Driver/Src/stm32f0xx_ll_exti.o
 .text.LL_EXTI_EnableEvent_0_31
                0x000000000800280c       0x20 Drivers/STM32F0xx_HAL_Driver/Src/stm32f0xx_ll_exti.o
 .text.LL_EXTI_DisableEvent_0_31
                0x000000000800282c       0x24 Drivers/STM32F0xx_HAL_Driver/Src/stm32f0xx_ll_exti.o
 .text.LL_EXTI_EnableRisingTrig_0_31
                0x0000000008002850       0x20 Drivers/STM32F0xx_HAL_Driver/Src/stm32f0xx_ll_exti.o
 .text.LL_EXTI_DisableRisingTrig_0_31
                0x0000000008002870       0x24 Drivers/STM32F0xx_HAL_Driver/Src/stm32f0xx_ll_exti.o
 .text.LL_EXTI_EnableFallingTrig_0_31
                0x0000000008002894       0x20 Drivers/STM32F0xx_HAL_Driver/Src/stm32f0xx_ll_exti.o
 .text.LL_EXTI_DisableFallingTrig_0_31
                0x00000000080028b4       0x24 Drivers/STM32F0xx_HAL_Driver/Src/stm32f0xx_ll_exti.o
 .text.LL_EXTI_Init
                0x00000000080028d8      0x112 Drivers/STM32F0xx_HAL_Driver/Src/stm32f0xx_ll_exti.o
                0x00000000080028d8                LL_EXTI_Init
 .text.LL_GPIO_SetPinMode
                0x00000000080029ea       0x38 Drivers/STM32F0xx_HAL_Driver/Src/stm32f0xx_ll_gpio.o
 .text.LL_GPIO_SetPinOutputType
                0x0000000008002a22       0x2a Drivers/STM32F0xx_HAL_Driver/Src/stm32f0xx_ll_gpio.o
 .text.LL_GPIO_SetPinSpeed
                0x0000000008002a4c       0x38 Drivers/STM32F0xx_HAL_Driver/Src/stm32f0xx_ll_gpio.o
 .text.LL_GPIO_SetPinPull
                0x0000000008002a84       0x38 Drivers/STM32F0xx_HAL_Driver/Src/stm32f0xx_ll_gpio.o
 .text.LL_GPIO_SetAFPin_0_7
                0x0000000008002abc       0x46 Drivers/STM32F0xx_HAL_Driver/Src/stm32f0xx_ll_gpio.o
 .text.LL_GPIO_SetAFPin_8_15
                0x0000000008002b02       0x5a Drivers/STM32F0xx_HAL_Driver/Src/stm32f0xx_ll_gpio.o
 .text.LL_GPIO_Init
                0x0000000008002b5c       0xb8 Drivers/STM32F0xx_HAL_Driver/Src/stm32f0xx_ll_gpio.o
                0x0000000008002b5c                LL_GPIO_Init
 .text.LL_RCC_HSI_IsReady
                0x0000000008002c14       0x20 Drivers/STM32F0xx_HAL_Driver/Src/stm32f0xx_ll_rcc.o
 .text.LL_RCC_LSE_IsReady
                0x0000000008002c34       0x20 Drivers/STM32F0xx_HAL_Driver/Src/stm32f0xx_ll_rcc.o
 .text.LL_RCC_GetSysClkSource
                0x0000000008002c54       0x18 Drivers/STM32F0xx_HAL_Driver/Src/stm32f0xx_ll_rcc.o
 .text.LL_RCC_GetAHBPrescaler
                0x0000000008002c6c       0x18 Drivers/STM32F0xx_HAL_Driver/Src/stm32f0xx_ll_rcc.o
 .text.LL_RCC_GetAPB1Prescaler
                0x0000000008002c84       0x18 Drivers/STM32F0xx_HAL_Driver/Src/stm32f0xx_ll_rcc.o
 .text.LL_RCC_GetUSARTClockSource
                0x0000000008002c9c       0x28 Drivers/STM32F0xx_HAL_Driver/Src/stm32f0xx_ll_rcc.o
 .text.LL_RCC_PLL_GetMainSource
                0x0000000008002cc4       0x18 Drivers/STM32F0xx_HAL_Driver/Src/stm32f0xx_ll_rcc.o
 .text.LL_RCC_PLL_GetMultiplicator
                0x0000000008002cdc       0x18 Drivers/STM32F0xx_HAL_Driver/Src/stm32f0xx_ll_rcc.o
 .text.LL_RCC_PLL_GetPrediv
                0x0000000008002cf4       0x18 Drivers/STM32F0xx_HAL_Driver/Src/stm32f0xx_ll_rcc.o
 .text.LL_RCC_GetSystemClocksFreq
                0x0000000008002d0c       0x3a Drivers/STM32F0xx_HAL_Driver/Src/stm32f0xx_ll_rcc.o
                0x0000000008002d0c                LL_RCC_GetSystemClocksFreq
 *fill*         0x0000000008002d46        0x2 
 .text.LL_RCC_GetUSARTClockFreq
                0x0000000008002d48       0x88 Drivers/STM32F0xx_HAL_Driver/Src/stm32f0xx_ll_rcc.o
                0x0000000008002d48                LL_RCC_GetUSARTClockFreq
 .text.RCC_GetSystemClockFreq
                0x0000000008002dd0       0x4c Drivers/STM32F0xx_HAL_Driver/Src/stm32f0xx_ll_rcc.o
                0x0000000008002dd0                RCC_GetSystemClockFreq
 .text.RCC_GetHCLKClockFreq
                0x0000000008002e1c       0x2c Drivers/STM32F0xx_HAL_Driver/Src/stm32f0xx_ll_rcc.o
                0x0000000008002e1c                RCC_GetHCLKClockFreq
 .text.RCC_GetPCLK1ClockFreq
                0x0000000008002e48       0x28 Drivers/STM32F0xx_HAL_Driver/Src/stm32f0xx_ll_rcc.o
                0x0000000008002e48                RCC_GetPCLK1ClockFreq
 .text.RCC_PLL_GetFreqDomain_SYS
                0x0000000008002e70       0x70 Drivers/STM32F0xx_HAL_Driver/Src/stm32f0xx_ll_rcc.o
                0x0000000008002e70                RCC_PLL_GetFreqDomain_SYS
 .text.LL_TIM_SetPrescaler
                0x0000000008002ee0       0x18 Drivers/STM32F0xx_HAL_Driver/Src/stm32f0xx_ll_tim.o
 .text.LL_TIM_SetAutoReload
                0x0000000008002ef8       0x18 Drivers/STM32F0xx_HAL_Driver/Src/stm32f0xx_ll_tim.o
 .text.LL_TIM_SetRepetitionCounter
                0x0000000008002f10       0x18 Drivers/STM32F0xx_HAL_Driver/Src/stm32f0xx_ll_tim.o
 .text.LL_TIM_OC_SetCompareCH1
                0x0000000008002f28       0x18 Drivers/STM32F0xx_HAL_Driver/Src/stm32f0xx_ll_tim.o
 .text.LL_TIM_OC_SetCompareCH2
                0x0000000008002f40       0x18 Drivers/STM32F0xx_HAL_Driver/Src/stm32f0xx_ll_tim.o
 .text.LL_TIM_OC_SetCompareCH3
                0x0000000008002f58       0x18 Drivers/STM32F0xx_HAL_Driver/Src/stm32f0xx_ll_tim.o
 .text.LL_TIM_OC_SetCompareCH4
                0x0000000008002f70       0x18 Drivers/STM32F0xx_HAL_Driver/Src/stm32f0xx_ll_tim.o
 .text.LL_TIM_GenerateEvent_UPDATE
                0x0000000008002f88       0x1c Drivers/STM32F0xx_HAL_Driver/Src/stm32f0xx_ll_tim.o
 .text.LL_TIM_Init
                0x0000000008002fa4      0x104 Drivers/STM32F0xx_HAL_Driver/Src/stm32f0xx_ll_tim.o
                0x0000000008002fa4                LL_TIM_Init
 .text.LL_TIM_OC_Init
                0x00000000080030a8       0xb2 Drivers/STM32F0xx_HAL_Driver/Src/stm32f0xx_ll_tim.o
                0x00000000080030a8                LL_TIM_OC_Init
 *fill*         0x000000000800315a        0x2 
 .text.OC1Config
                0x000000000800315c      0x108 Drivers/STM32F0xx_HAL_Driver/Src/stm32f0xx_ll_tim.o
 .text.OC2Config
                0x0000000008003264      0x114 Drivers/STM32F0xx_HAL_Driver/Src/stm32f0xx_ll_tim.o
 .text.OC3Config
                0x0000000008003378      0x114 Drivers/STM32F0xx_HAL_Driver/Src/stm32f0xx_ll_tim.o
 .text.OC4Config
                0x000000000800348c       0xe0 Drivers/STM32F0xx_HAL_Driver/Src/stm32f0xx_ll_tim.o
 .text.LL_USART_IsEnabled
                0x000000000800356c       0x22 Drivers/STM32F0xx_HAL_Driver/Src/stm32f0xx_ll_usart.o
 *fill*         0x000000000800358e        0x2 
 .text.LL_USART_SetStopBitsLength
                0x0000000008003590       0x28 Drivers/STM32F0xx_HAL_Driver/Src/stm32f0xx_ll_usart.o
 .text.LL_USART_SetHWFlowCtrl
                0x00000000080035b8       0x28 Drivers/STM32F0xx_HAL_Driver/Src/stm32f0xx_ll_usart.o
 .text.LL_USART_SetBaudRate
                0x00000000080035e0       0x78 Drivers/STM32F0xx_HAL_Driver/Src/stm32f0xx_ll_usart.o
 .text.LL_USART_Init
                0x0000000008003658       0xd0 Drivers/STM32F0xx_HAL_Driver/Src/stm32f0xx_ll_usart.o
                0x0000000008003658                LL_USART_Init
 .text.LL_InitTick
                0x0000000008003728       0x34 Drivers/STM32F0xx_HAL_Driver/Src/stm32f0xx_ll_utils.o
 .text.LL_Init1msTick
                0x000000000800375c       0x1e Drivers/STM32F0xx_HAL_Driver/Src/stm32f0xx_ll_utils.o
                0x000000000800375c                LL_Init1msTick
 *fill*         0x000000000800377a        0x2 
 .text.LL_mDelay
                0x000000000800377c       0x44 Drivers/STM32F0xx_HAL_Driver/Src/stm32f0xx_ll_utils.o
                0x000000000800377c                LL_mDelay
 .text.LL_SetSystemCoreClock
                0x00000000080037c0       0x1c Drivers/STM32F0xx_HAL_Driver/Src/stm32f0xx_ll_utils.o
                0x00000000080037c0                LL_SetSystemCoreClock
 .text.__errno  0x00000000080037dc        0xc /opt/st/stm32cubeide_1.6.1/plugins/com.st.stm32cube.ide.mcu.externaltools.gnu-tools-for-stm32.9-2020-q2-update.linux64_1.5.0.202011040924/tools/bin/../lib/gcc/arm-none-eabi/9.3.1/../../../../arm-none-eabi/lib/thumb/v6-m/nofp/libc_nano.a(lib_a-errno.o)
                0x00000000080037dc                __errno
 .text.__libc_init_array
                0x00000000080037e8       0x48 /opt/st/stm32cubeide_1.6.1/plugins/com.st.stm32cube.ide.mcu.externaltools.gnu-tools-for-stm32.9-2020-q2-update.linux64_1.5.0.202011040924/tools/bin/../lib/gcc/arm-none-eabi/9.3.1/../../../../arm-none-eabi/lib/thumb/v6-m/nofp/libc_nano.a(lib_a-init.o)
                0x00000000080037e8                __libc_init_array
 .text.memcpy   0x0000000008003830       0x12 /opt/st/stm32cubeide_1.6.1/plugins/com.st.stm32cube.ide.mcu.externaltools.gnu-tools-for-stm32.9-2020-q2-update.linux64_1.5.0.202011040924/tools/bin/../lib/gcc/arm-none-eabi/9.3.1/../../../../arm-none-eabi/lib/thumb/v6-m/nofp/libc_nano.a(lib_a-memcpy-stub.o)
                0x0000000008003830                memcpy
 .text.memset   0x0000000008003842       0x10 /opt/st/stm32cubeide_1.6.1/plugins/com.st.stm32cube.ide.mcu.externaltools.gnu-tools-for-stm32.9-2020-q2-update.linux64_1.5.0.202011040924/tools/bin/../lib/gcc/arm-none-eabi/9.3.1/../../../../arm-none-eabi/lib/thumb/v6-m/nofp/libc_nano.a(lib_a-memset.o)
                0x0000000008003842                memset
 *(.glue_7)
 .glue_7        0x0000000008003852        0x0 linker stubs
 *(.glue_7t)
 .glue_7t       0x0000000008003852        0x0 linker stubs
 *(.eh_frame)
 *fill*         0x0000000008003852        0x2 
 .eh_frame      0x0000000008003854        0x0 /opt/st/stm32cubeide_1.6.1/plugins/com.st.stm32cube.ide.mcu.externaltools.gnu-tools-for-stm32.9-2020-q2-update.linux64_1.5.0.202011040924/tools/bin/../lib/gcc/arm-none-eabi/9.3.1/thumb/v6-m/nofp/crtbegin.o
 *(.init)
 .init          0x0000000008003854        0x4 /opt/st/stm32cubeide_1.6.1/plugins/com.st.stm32cube.ide.mcu.externaltools.gnu-tools-for-stm32.9-2020-q2-update.linux64_1.5.0.202011040924/tools/bin/../lib/gcc/arm-none-eabi/9.3.1/thumb/v6-m/nofp/crti.o
                0x0000000008003854                _init
 .init          0x0000000008003858        0x8 /opt/st/stm32cubeide_1.6.1/plugins/com.st.stm32cube.ide.mcu.externaltools.gnu-tools-for-stm32.9-2020-q2-update.linux64_1.5.0.202011040924/tools/bin/../lib/gcc/arm-none-eabi/9.3.1/thumb/v6-m/nofp/crtn.o
 *(.fini)
 .fini          0x0000000008003860        0x4 /opt/st/stm32cubeide_1.6.1/plugins/com.st.stm32cube.ide.mcu.externaltools.gnu-tools-for-stm32.9-2020-q2-update.linux64_1.5.0.202011040924/tools/bin/../lib/gcc/arm-none-eabi/9.3.1/thumb/v6-m/nofp/crti.o
                0x0000000008003860                _fini
 .fini          0x0000000008003864        0x8 /opt/st/stm32cubeide_1.6.1/plugins/com.st.stm32cube.ide.mcu.externaltools.gnu-tools-for-stm32.9-2020-q2-update.linux64_1.5.0.202011040924/tools/bin/../lib/gcc/arm-none-eabi/9.3.1/thumb/v6-m/nofp/crtn.o
                0x000000000800386c                . = ALIGN (0x4)
                0x000000000800386c                _etext = .

.vfp11_veneer   0x000000000800386c        0x0
 .vfp11_veneer  0x000000000800386c        0x0 linker stubs

.v4_bx          0x000000000800386c        0x0
 .v4_bx         0x000000000800386c        0x0 linker stubs

.iplt           0x000000000800386c        0x0
 .iplt          0x000000000800386c        0x0 /opt/st/stm32cubeide_1.6.1/plugins/com.st.stm32cube.ide.mcu.externaltools.gnu-tools-for-stm32.9-2020-q2-update.linux64_1.5.0.202011040924/tools/bin/../lib/gcc/arm-none-eabi/9.3.1/thumb/v6-m/nofp/crtbegin.o

.rodata         0x000000000800386c       0xa8
                0x000000000800386c                . = ALIGN (0x4)
 *(.rodata)
 .rodata        0x000000000800386c       0x60 Core/Src/StepMotorParams.o
 *(.rodata*)
 .rodata.OFFSET_TAB_CCMRx
                0x00000000080038cc        0x7 Core/Src/StepMotorLib.o
 *fill*         0x00000000080038d3        0x1 
 .rodata.SHIFT_TAB_OCxx
                0x00000000080038d4        0x7 Core/Src/StepMotorLib.o
 *fill*         0x00000000080038db        0x1 
 .rodata.CHANNEL_OFFSET_TAB
                0x00000000080038dc        0x5 Core/Src/stm32f0xx_it.o
 *fill*         0x00000000080038e1        0x3 
 .rodata.AHBPrescTable
                0x00000000080038e4       0x10 Core/Src/system_stm32f0xx.o
                0x00000000080038e4                AHBPrescTable
 .rodata.APBPrescTable
                0x00000000080038f4        0x8 Core/Src/system_stm32f0xx.o
                0x00000000080038f4                APBPrescTable
 .rodata.OFFSET_TAB_CCMRx
                0x00000000080038fc        0x7 Core/Src/tim.o
 *fill*         0x0000000008003903        0x1 
 .rodata.SHIFT_TAB_OCxx
                0x0000000008003904        0x7 Core/Src/tim.o
 *fill*         0x000000000800390b        0x1 
 .rodata.CHANNEL_OFFSET_TAB
                0x000000000800390c        0x5 Core/Src/usart.o
                0x0000000008003914                . = ALIGN (0x4)
 *fill*         0x0000000008003911        0x3 

.rel.dyn        0x0000000008003914        0x0
 .rel.iplt      0x0000000008003914        0x0 /opt/st/stm32cubeide_1.6.1/plugins/com.st.stm32cube.ide.mcu.externaltools.gnu-tools-for-stm32.9-2020-q2-update.linux64_1.5.0.202011040924/tools/bin/../lib/gcc/arm-none-eabi/9.3.1/thumb/v6-m/nofp/crtbegin.o

.ARM.extab      0x0000000008003914        0x0
                0x0000000008003914                . = ALIGN (0x4)
 *(.ARM.extab* .gnu.linkonce.armextab.*)
                0x0000000008003914                . = ALIGN (0x4)

.ARM            0x0000000008003914        0x0
                0x0000000008003914                . = ALIGN (0x4)
                0x0000000008003914                __exidx_start = .
 *(.ARM.exidx*)
                0x0000000008003914                __exidx_end = .
                0x0000000008003914                . = ALIGN (0x4)

.preinit_array  0x0000000008003914        0x0
                0x0000000008003914                . = ALIGN (0x4)
                0x0000000008003914                PROVIDE (__preinit_array_start = .)
 *(.preinit_array*)
                0x0000000008003914                PROVIDE (__preinit_array_end = .)
                0x0000000008003914                . = ALIGN (0x4)

.init_array     0x0000000008003914        0x4
                0x0000000008003914                . = ALIGN (0x4)
                0x0000000008003914                PROVIDE (__init_array_start = .)
 *(SORT_BY_NAME(.init_array.*))
 *(.init_array*)
 .init_array    0x0000000008003914        0x4 /opt/st/stm32cubeide_1.6.1/plugins/com.st.stm32cube.ide.mcu.externaltools.gnu-tools-for-stm32.9-2020-q2-update.linux64_1.5.0.202011040924/tools/bin/../lib/gcc/arm-none-eabi/9.3.1/thumb/v6-m/nofp/crtbegin.o
                0x0000000008003918                PROVIDE (__init_array_end = .)
                0x0000000008003918                . = ALIGN (0x4)

.fini_array     0x0000000008003918        0x4
                0x0000000008003918                . = ALIGN (0x4)
                [!provide]                        PROVIDE (__fini_array_start = .)
 *(SORT_BY_NAME(.fini_array.*))
 *(.fini_array*)
 .fini_array    0x0000000008003918        0x4 /opt/st/stm32cubeide_1.6.1/plugins/com.st.stm32cube.ide.mcu.externaltools.gnu-tools-for-stm32.9-2020-q2-update.linux64_1.5.0.202011040924/tools/bin/../lib/gcc/arm-none-eabi/9.3.1/thumb/v6-m/nofp/crtbegin.o
                [!provide]                        PROVIDE (__fini_array_end = .)
                0x000000000800391c                . = ALIGN (0x4)
                0x000000000800391c                _sidata = LOADADDR (.data)

.data           0x0000000020000000       0x6c load address 0x000000000800391c
                0x0000000020000000                . = ALIGN (0x4)
                0x0000000020000000                _sdata = .
 *(.data)
 *(.data*)
 .data.SystemCoreClock
                0x0000000020000000        0x4 Core/Src/system_stm32f0xx.o
                0x0000000020000000                SystemCoreClock
 .data.phi1.7313
                0x0000000020000004        0x4 Core/Src/usart.o
 .data._impure_ptr
                0x0000000020000008        0x4 /opt/st/stm32cubeide_1.6.1/plugins/com.st.stm32cube.ide.mcu.externaltools.gnu-tools-for-stm32.9-2020-q2-update.linux64_1.5.0.202011040924/tools/bin/../lib/gcc/arm-none-eabi/9.3.1/../../../../arm-none-eabi/lib/thumb/v6-m/nofp/libc_nano.a(lib_a-impure.o)
                0x0000000020000008                _impure_ptr
 .data.impure_data
                0x000000002000000c       0x60 /opt/st/stm32cubeide_1.6.1/plugins/com.st.stm32cube.ide.mcu.externaltools.gnu-tools-for-stm32.9-2020-q2-update.linux64_1.5.0.202011040924/tools/bin/../lib/gcc/arm-none-eabi/9.3.1/../../../../arm-none-eabi/lib/thumb/v6-m/nofp/libc_nano.a(lib_a-impure.o)
 *(.RamFunc)
 *(.RamFunc*)
                0x000000002000006c                . = ALIGN (0x4)
                0x000000002000006c                _edata = .

.igot.plt       0x000000002000006c        0x0 load address 0x0000000008003988
 .igot.plt      0x000000002000006c        0x0 /opt/st/stm32cubeide_1.6.1/plugins/com.st.stm32cube.ide.mcu.externaltools.gnu-tools-for-stm32.9-2020-q2-update.linux64_1.5.0.202011040924/tools/bin/../lib/gcc/arm-none-eabi/9.3.1/thumb/v6-m/nofp/crtbegin.o
                0x000000002000006c                . = ALIGN (0x4)

.bss            0x000000002000006c       0xc4 load address 0x0000000008003988
                0x000000002000006c                _sbss = .
                0x000000002000006c                __bss_start__ = _sbss
 *(.bss)
 .bss           0x000000002000006c       0x1c /opt/st/stm32cubeide_1.6.1/plugins/com.st.stm32cube.ide.mcu.externaltools.gnu-tools-for-stm32.9-2020-q2-update.linux64_1.5.0.202011040924/tools/bin/../lib/gcc/arm-none-eabi/9.3.1/thumb/v6-m/nofp/crtbegin.o
 *(.bss*)
 .bss.drimem    0x0000000020000088       0x68 Core/Src/StepMotorLib.o
 .bss.channels_is_active.8057
                0x00000000200000f0        0x1 Core/Src/StepMotorLib.o
 .bss.fl_rx     0x00000000200000f1        0x1 Core/Src/usart.o
                0x00000000200000f1                fl_rx
 .bss.fl_tx     0x00000000200000f2        0x1 Core/Src/usart.o
                0x00000000200000f2                fl_tx
 *fill*         0x00000000200000f3        0x1 
 .bss.rx_buff   0x00000000200000f4       0x32 Core/Src/usart.o
                0x00000000200000f4                rx_buff
 *fill*         0x0000000020000126        0x2 
 .bss.phi0.7312
                0x0000000020000128        0x4 Core/Src/usart.o
 .bss.phi2.7314
                0x000000002000012c        0x4 Core/Src/usart.o
 *(COMMON)
                0x0000000020000130                . = ALIGN (0x4)
                0x0000000020000130                _ebss = .
                0x0000000020000130                __bss_end__ = _ebss

._user_heap_stack
                0x0000000020000130      0x600 load address 0x0000000008003988
                0x0000000020000130                . = ALIGN (0x8)
                [!provide]                        PROVIDE (end = .)
                0x0000000020000130                PROVIDE (_end = .)
                0x0000000020000330                . = (. + _Min_Heap_Size)
 *fill*         0x0000000020000130      0x200 
                0x0000000020000730                . = (. + _Min_Stack_Size)
 *fill*         0x0000000020000330      0x400 
                0x0000000020000730                . = ALIGN (0x8)

/DISCARD/
 libc.a(*)
 libm.a(*)
 libgcc.a(*)

.ARM.attributes
                0x0000000000000000       0x28
 *(.ARM.attributes)
 .ARM.attributes
                0x0000000000000000       0x1e /opt/st/stm32cubeide_1.6.1/plugins/com.st.stm32cube.ide.mcu.externaltools.gnu-tools-for-stm32.9-2020-q2-update.linux64_1.5.0.202011040924/tools/bin/../lib/gcc/arm-none-eabi/9.3.1/thumb/v6-m/nofp/crti.o
 .ARM.attributes
                0x000000000000001e       0x2c /opt/st/stm32cubeide_1.6.1/plugins/com.st.stm32cube.ide.mcu.externaltools.gnu-tools-for-stm32.9-2020-q2-update.linux64_1.5.0.202011040924/tools/bin/../lib/gcc/arm-none-eabi/9.3.1/thumb/v6-m/nofp/crtbegin.o
 .ARM.attributes
                0x000000000000004a       0x2c Core/Src/StepMotorLib.o
 .ARM.attributes
                0x0000000000000076       0x2c Core/Src/StepMotorParams.o
 .ARM.attributes
                0x00000000000000a2       0x2c Core/Src/axis.o
 .ARM.attributes
                0x00000000000000ce       0x2c Core/Src/dma.o
 .ARM.attributes
                0x00000000000000fa       0x2c Core/Src/gpio.o
 .ARM.attributes
                0x0000000000000126       0x2c Core/Src/main.o
 .ARM.attributes
                0x0000000000000152       0x2c Core/Src/stm32f0xx_it.o
 .ARM.attributes
                0x000000000000017e       0x2c Core/Src/system_stm32f0xx.o
 .ARM.attributes
                0x00000000000001aa       0x2c Core/Src/tim.o
 .ARM.attributes
                0x00000000000001d6       0x2c Core/Src/usart.o
 .ARM.attributes
                0x0000000000000202       0x21 Core/Startup/startup_stm32f051r8tx.o
 .ARM.attributes
                0x0000000000000223       0x2c Drivers/STM32F0xx_HAL_Driver/Src/stm32f0xx_ll_exti.o
 .ARM.attributes
                0x000000000000024f       0x2c Drivers/STM32F0xx_HAL_Driver/Src/stm32f0xx_ll_gpio.o
 .ARM.attributes
                0x000000000000027b       0x2c Drivers/STM32F0xx_HAL_Driver/Src/stm32f0xx_ll_rcc.o
 .ARM.attributes
                0x00000000000002a7       0x2c Drivers/STM32F0xx_HAL_Driver/Src/stm32f0xx_ll_tim.o
 .ARM.attributes
                0x00000000000002d3       0x2c Drivers/STM32F0xx_HAL_Driver/Src/stm32f0xx_ll_usart.o
 .ARM.attributes
                0x00000000000002ff       0x2c Drivers/STM32F0xx_HAL_Driver/Src/stm32f0xx_ll_utils.o
 .ARM.attributes
                0x000000000000032b       0x2c /opt/st/stm32cubeide_1.6.1/plugins/com.st.stm32cube.ide.mcu.externaltools.gnu-tools-for-stm32.9-2020-q2-update.linux64_1.5.0.202011040924/tools/bin/../lib/gcc/arm-none-eabi/9.3.1/../../../../arm-none-eabi/lib/thumb/v6-m/nofp/libc_nano.a(lib_a-errno.o)
 .ARM.attributes
                0x0000000000000357       0x2c /opt/st/stm32cubeide_1.6.1/plugins/com.st.stm32cube.ide.mcu.externaltools.gnu-tools-for-stm32.9-2020-q2-update.linux64_1.5.0.202011040924/tools/bin/../lib/gcc/arm-none-eabi/9.3.1/../../../../arm-none-eabi/lib/thumb/v6-m/nofp/libc_nano.a(lib_a-impure.o)
 .ARM.attributes
                0x0000000000000383       0x2c /opt/st/stm32cubeide_1.6.1/plugins/com.st.stm32cube.ide.mcu.externaltools.gnu-tools-for-stm32.9-2020-q2-update.linux64_1.5.0.202011040924/tools/bin/../lib/gcc/arm-none-eabi/9.3.1/../../../../arm-none-eabi/lib/thumb/v6-m/nofp/libc_nano.a(lib_a-init.o)
 .ARM.attributes
                0x00000000000003af       0x2c /opt/st/stm32cubeide_1.6.1/plugins/com.st.stm32cube.ide.mcu.externaltools.gnu-tools-for-stm32.9-2020-q2-update.linux64_1.5.0.202011040924/tools/bin/../lib/gcc/arm-none-eabi/9.3.1/../../../../arm-none-eabi/lib/thumb/v6-m/nofp/libc_nano.a(lib_a-memcpy-stub.o)
 .ARM.attributes
                0x00000000000003db       0x2c /opt/st/stm32cubeide_1.6.1/plugins/com.st.stm32cube.ide.mcu.externaltools.gnu-tools-for-stm32.9-2020-q2-update.linux64_1.5.0.202011040924/tools/bin/../lib/gcc/arm-none-eabi/9.3.1/../../../../arm-none-eabi/lib/thumb/v6-m/nofp/libc_nano.a(lib_a-memset.o)
 .ARM.attributes
                0x0000000000000407       0x1e /opt/st/stm32cubeide_1.6.1/plugins/com.st.stm32cube.ide.mcu.externaltools.gnu-tools-for-stm32.9-2020-q2-update.linux64_1.5.0.202011040924/tools/bin/../lib/gcc/arm-none-eabi/9.3.1/thumb/v6-m/nofp/libgcc.a(_udivsi3.o)
 .ARM.attributes
                0x0000000000000425       0x1e /opt/st/stm32cubeide_1.6.1/plugins/com.st.stm32cube.ide.mcu.externaltools.gnu-tools-for-stm32.9-2020-q2-update.linux64_1.5.0.202011040924/tools/bin/../lib/gcc/arm-none-eabi/9.3.1/thumb/v6-m/nofp/libgcc.a(_divsi3.o)
 .ARM.attributes
                0x0000000000000443       0x1e /opt/st/stm32cubeide_1.6.1/plugins/com.st.stm32cube.ide.mcu.externaltools.gnu-tools-for-stm32.9-2020-q2-update.linux64_1.5.0.202011040924/tools/bin/../lib/gcc/arm-none-eabi/9.3.1/thumb/v6-m/nofp/libgcc.a(_dvmd_tls.o)
 .ARM.attributes
                0x0000000000000461       0x1e /opt/st/stm32cubeide_1.6.1/plugins/com.st.stm32cube.ide.mcu.externaltools.gnu-tools-for-stm32.9-2020-q2-update.linux64_1.5.0.202011040924/tools/bin/../lib/gcc/arm-none-eabi/9.3.1/thumb/v6-m/nofp/crtn.o
OUTPUT(StepMotor.elf elf32-littlearm)
LOAD linker stubs
LOAD /opt/st/stm32cubeide_1.6.1/plugins/com.st.stm32cube.ide.mcu.externaltools.gnu-tools-for-stm32.9-2020-q2-update.linux64_1.5.0.202011040924/tools/bin/../lib/gcc/arm-none-eabi/9.3.1/../../../../arm-none-eabi/lib/thumb/v6-m/nofp/libc.a
LOAD /opt/st/stm32cubeide_1.6.1/plugins/com.st.stm32cube.ide.mcu.externaltools.gnu-tools-for-stm32.9-2020-q2-update.linux64_1.5.0.202011040924/tools/bin/../lib/gcc/arm-none-eabi/9.3.1/../../../../arm-none-eabi/lib/thumb/v6-m/nofp/libm.a
LOAD /opt/st/stm32cubeide_1.6.1/plugins/com.st.stm32cube.ide.mcu.externaltools.gnu-tools-for-stm32.9-2020-q2-update.linux64_1.5.0.202011040924/tools/bin/../lib/gcc/arm-none-eabi/9.3.1/thumb/v6-m/nofp/libgcc.a

.debug_info     0x0000000000000000     0xa6da
 .debug_info    0x0000000000000000     0x1539 Core/Src/StepMotorLib.o
 .debug_info    0x0000000000001539      0xd4f Core/Src/StepMotorParams.o
 .debug_info    0x0000000000002288      0xca5 Core/Src/axis.o
 .debug_info    0x0000000000002f2d      0x5af Core/Src/dma.o
 .debug_info    0x00000000000034dc      0x600 Core/Src/gpio.o
 .debug_info    0x0000000000003adc     0x128d Core/Src/main.o
 .debug_info    0x0000000000004d69      0xf7f Core/Src/stm32f0xx_it.o
 .debug_info    0x0000000000005ce8      0x262 Core/Src/system_stm32f0xx.o
 .debug_info    0x0000000000005f4a      0xb48 Core/Src/tim.o
 .debug_info    0x0000000000006a92      0xeea Core/Src/usart.o
 .debug_info    0x000000000000797c       0x22 Core/Startup/startup_stm32f051r8tx.o
 .debug_info    0x000000000000799e      0x3ab Drivers/STM32F0xx_HAL_Driver/Src/stm32f0xx_ll_exti.o
 .debug_info    0x0000000000007d49      0x5d5 Drivers/STM32F0xx_HAL_Driver/Src/stm32f0xx_ll_gpio.o
 .debug_info    0x000000000000831e      0x600 Drivers/STM32F0xx_HAL_Driver/Src/stm32f0xx_ll_rcc.o
 .debug_info    0x000000000000891e      0xee3 Drivers/STM32F0xx_HAL_Driver/Src/stm32f0xx_ll_tim.o
 .debug_info    0x0000000000009801      0x702 Drivers/STM32F0xx_HAL_Driver/Src/stm32f0xx_ll_usart.o
 .debug_info    0x0000000000009f03      0x7d7 Drivers/STM32F0xx_HAL_Driver/Src/stm32f0xx_ll_utils.o

.debug_abbrev   0x0000000000000000     0x20de
 .debug_abbrev  0x0000000000000000      0x37f Core/Src/StepMotorLib.o
 .debug_abbrev  0x000000000000037f      0x1e6 Core/Src/StepMotorParams.o
 .debug_abbrev  0x0000000000000565      0x22c Core/Src/axis.o
 .debug_abbrev  0x0000000000000791      0x19e Core/Src/dma.o
 .debug_abbrev  0x000000000000092f      0x197 Core/Src/gpio.o
 .debug_abbrev  0x0000000000000ac6      0x2b7 Core/Src/main.o
 .debug_abbrev  0x0000000000000d7d      0x271 Core/Src/stm32f0xx_it.o
 .debug_abbrev  0x0000000000000fee      0x116 Core/Src/system_stm32f0xx.o
 .debug_abbrev  0x0000000000001104      0x1eb Core/Src/tim.o
 .debug_abbrev  0x00000000000012ef      0x26c Core/Src/usart.o
 .debug_abbrev  0x000000000000155b       0x12 Core/Startup/startup_stm32f051r8tx.o
 .debug_abbrev  0x000000000000156d      0x18f Drivers/STM32F0xx_HAL_Driver/Src/stm32f0xx_ll_exti.o
 .debug_abbrev  0x00000000000016fc      0x1b5 Drivers/STM32F0xx_HAL_Driver/Src/stm32f0xx_ll_gpio.o
 .debug_abbrev  0x00000000000018b1      0x1f8 Drivers/STM32F0xx_HAL_Driver/Src/stm32f0xx_ll_rcc.o
 .debug_abbrev  0x0000000000001aa9      0x218 Drivers/STM32F0xx_HAL_Driver/Src/stm32f0xx_ll_tim.o
 .debug_abbrev  0x0000000000001cc1      0x1de Drivers/STM32F0xx_HAL_Driver/Src/stm32f0xx_ll_usart.o
 .debug_abbrev  0x0000000000001e9f      0x23f Drivers/STM32F0xx_HAL_Driver/Src/stm32f0xx_ll_utils.o

.debug_aranges  0x0000000000000000      0x9a0
 .debug_aranges
                0x0000000000000000      0x108 Core/Src/StepMotorLib.o
 .debug_aranges
                0x0000000000000108       0x28 Core/Src/StepMotorParams.o
 .debug_aranges
                0x0000000000000130       0x30 Core/Src/axis.o
 .debug_aranges
                0x0000000000000160       0x38 Core/Src/dma.o
 .debug_aranges
                0x0000000000000198       0x50 Core/Src/gpio.o
 .debug_aranges
                0x00000000000001e8       0xe8 Core/Src/main.o
 .debug_aranges
                0x00000000000002d0       0xa8 Core/Src/stm32f0xx_it.o
 .debug_aranges
                0x0000000000000378       0x28 Core/Src/system_stm32f0xx.o
 .debug_aranges
                0x00000000000003a0       0x80 Core/Src/tim.o
 .debug_aranges
                0x0000000000000420       0xe8 Core/Src/usart.o
 .debug_aranges
                0x0000000000000508       0x28 Core/Startup/startup_stm32f051r8tx.o
 .debug_aranges
                0x0000000000000530       0x70 Drivers/STM32F0xx_HAL_Driver/Src/stm32f0xx_ll_exti.o
 .debug_aranges
                0x00000000000005a0       0x70 Drivers/STM32F0xx_HAL_Driver/Src/stm32f0xx_ll_gpio.o
 .debug_aranges
                0x0000000000000610       0xf8 Drivers/STM32F0xx_HAL_Driver/Src/stm32f0xx_ll_rcc.o
 .debug_aranges
                0x0000000000000708      0x128 Drivers/STM32F0xx_HAL_Driver/Src/stm32f0xx_ll_tim.o
 .debug_aranges
                0x0000000000000830       0x88 Drivers/STM32F0xx_HAL_Driver/Src/stm32f0xx_ll_usart.o
 .debug_aranges
                0x00000000000008b8       0xe8 Drivers/STM32F0xx_HAL_Driver/Src/stm32f0xx_ll_utils.o

.debug_ranges   0x0000000000000000      0x898
 .debug_ranges  0x0000000000000000       0xf8 Core/Src/StepMotorLib.o
 .debug_ranges  0x00000000000000f8       0x18 Core/Src/StepMotorParams.o
 .debug_ranges  0x0000000000000110       0x20 Core/Src/axis.o
 .debug_ranges  0x0000000000000130       0x28 Core/Src/dma.o
 .debug_ranges  0x0000000000000158       0x40 Core/Src/gpio.o
 .debug_ranges  0x0000000000000198       0xd8 Core/Src/main.o
 .debug_ranges  0x0000000000000270       0x98 Core/Src/stm32f0xx_it.o
 .debug_ranges  0x0000000000000308       0x18 Core/Src/system_stm32f0xx.o
 .debug_ranges  0x0000000000000320       0x70 Core/Src/tim.o
 .debug_ranges  0x0000000000000390       0xd8 Core/Src/usart.o
 .debug_ranges  0x0000000000000468       0x20 Core/Startup/startup_stm32f051r8tx.o
 .debug_ranges  0x0000000000000488       0x60 Drivers/STM32F0xx_HAL_Driver/Src/stm32f0xx_ll_exti.o
 .debug_ranges  0x00000000000004e8       0x60 Drivers/STM32F0xx_HAL_Driver/Src/stm32f0xx_ll_gpio.o
 .debug_ranges  0x0000000000000548       0xe8 Drivers/STM32F0xx_HAL_Driver/Src/stm32f0xx_ll_rcc.o
 .debug_ranges  0x0000000000000630      0x118 Drivers/STM32F0xx_HAL_Driver/Src/stm32f0xx_ll_tim.o
 .debug_ranges  0x0000000000000748       0x78 Drivers/STM32F0xx_HAL_Driver/Src/stm32f0xx_ll_usart.o
 .debug_ranges  0x00000000000007c0       0xd8 Drivers/STM32F0xx_HAL_Driver/Src/stm32f0xx_ll_utils.o

.debug_macro    0x0000000000000000     0xe81e
 .debug_macro   0x0000000000000000      0x28e Core/Src/StepMotorLib.o
 .debug_macro   0x000000000000028e      0xaba Core/Src/StepMotorLib.o
 .debug_macro   0x0000000000000d48       0x82 Core/Src/StepMotorLib.o
 .debug_macro   0x0000000000000dca       0x2e Core/Src/StepMotorLib.o
 .debug_macro   0x0000000000000df8       0x22 Core/Src/StepMotorLib.o
 .debug_macro   0x0000000000000e1a       0x22 Core/Src/StepMotorLib.o
 .debug_macro   0x0000000000000e3c       0x8e Core/Src/StepMotorLib.o
 .debug_macro   0x0000000000000eca       0x51 Core/Src/StepMotorLib.o
 .debug_macro   0x0000000000000f1b      0x103 Core/Src/StepMotorLib.o
 .debug_macro   0x000000000000101e       0x6a Core/Src/StepMotorLib.o
 .debug_macro   0x0000000000001088      0x1df Core/Src/StepMotorLib.o
 .debug_macro   0x0000000000001267       0x1c Core/Src/StepMotorLib.o
 .debug_macro   0x0000000000001283       0x22 Core/Src/StepMotorLib.o
 .debug_macro   0x00000000000012a5       0xb5 Core/Src/StepMotorLib.o
 .debug_macro   0x000000000000135a      0x391 Core/Src/StepMotorLib.o
 .debug_macro   0x00000000000016eb     0x8cdd Core/Src/StepMotorLib.o
 .debug_macro   0x000000000000a3c8       0x3c Core/Src/StepMotorLib.o
 .debug_macro   0x000000000000a404      0x20f Core/Src/StepMotorLib.o
 .debug_macro   0x000000000000a613      0x3e9 Core/Src/StepMotorLib.o
 .debug_macro   0x000000000000a9fc       0xe5 Core/Src/StepMotorLib.o
 .debug_macro   0x000000000000aae1      0x184 Core/Src/StepMotorLib.o
 .debug_macro   0x000000000000ac65       0xef Core/Src/StepMotorLib.o
 .debug_macro   0x000000000000ad54       0x16 Core/Src/StepMotorLib.o
 .debug_macro   0x000000000000ad6a       0x2a Core/Src/StepMotorLib.o
 .debug_macro   0x000000000000ad94       0xa7 Core/Src/StepMotorLib.o
 .debug_macro   0x000000000000ae3b      0x5bd Core/Src/StepMotorLib.o
 .debug_macro   0x000000000000b3f8      0x2e2 Core/Src/StepMotorLib.o
 .debug_macro   0x000000000000b6da      0x11f Core/Src/StepMotorLib.o
 .debug_macro   0x000000000000b7f9       0xb2 Core/Src/StepMotorLib.o
 .debug_macro   0x000000000000b8ab       0x18 Core/Src/StepMotorLib.o
 .debug_macro   0x000000000000b8c3       0x52 Core/Src/StepMotorLib.o
 .debug_macro   0x000000000000b915       0x3c Core/Src/StepMotorLib.o
 .debug_macro   0x000000000000b951       0x34 Core/Src/StepMotorLib.o
 .debug_macro   0x000000000000b985       0x16 Core/Src/StepMotorLib.o
 .debug_macro   0x000000000000b99b      0x10e Core/Src/StepMotorLib.o
 .debug_macro   0x000000000000baa9       0x8d Core/Src/StepMotorLib.o
 .debug_macro   0x000000000000bb36       0x16 Core/Src/StepMotorLib.o
 .debug_macro   0x000000000000bb4c       0x43 Core/Src/StepMotorLib.o
 .debug_macro   0x000000000000bb8f       0x34 Core/Src/StepMotorLib.o
 .debug_macro   0x000000000000bbc3       0x10 Core/Src/StepMotorLib.o
 .debug_macro   0x000000000000bbd3       0x58 Core/Src/StepMotorLib.o
 .debug_macro   0x000000000000bc2b       0x71 Core/Src/StepMotorLib.o
 .debug_macro   0x000000000000bc9c       0x1c Core/Src/StepMotorLib.o
 .debug_macro   0x000000000000bcb8      0x12a Core/Src/StepMotorLib.o
 .debug_macro   0x000000000000bde2      0x333 Core/Src/StepMotorLib.o
 .debug_macro   0x000000000000c115       0x16 Core/Src/StepMotorLib.o
 .debug_macro   0x000000000000c12b       0x29 Core/Src/StepMotorLib.o
 .debug_macro   0x000000000000c154       0x1c Core/Src/StepMotorLib.o
 .debug_macro   0x000000000000c170       0x10 Core/Src/StepMotorLib.o
 .debug_macro   0x000000000000c180      0x241 Core/Src/StepMotorLib.o
 .debug_macro   0x000000000000c3c1      0x237 Core/Src/StepMotorParams.o
 .debug_macro   0x000000000000c5f8      0x245 Core/Src/axis.o
 .debug_macro   0x000000000000c83d      0x14b Core/Src/dma.o
 .debug_macro   0x000000000000c988       0x10 Core/Src/dma.o
 .debug_macro   0x000000000000c998      0x146 Core/Src/gpio.o
 .debug_macro   0x000000000000cade      0x271 Core/Src/main.o
 .debug_macro   0x000000000000cd4f       0x22 Core/Src/main.o
 .debug_macro   0x000000000000cd71      0x254 Core/Src/stm32f0xx_it.o
 .debug_macro   0x000000000000cfc5       0x1c Core/Src/stm32f0xx_it.o
 .debug_macro   0x000000000000cfe1       0xc0 Core/Src/system_stm32f0xx.o
 .debug_macro   0x000000000000d0a1      0x146 Core/Src/tim.o
 .debug_macro   0x000000000000d1e7      0x154 Core/Src/usart.o
 .debug_macro   0x000000000000d33b       0x10 Core/Src/usart.o
 .debug_macro   0x000000000000d34b       0xe1 Drivers/STM32F0xx_HAL_Driver/Src/stm32f0xx_ll_exti.o
 .debug_macro   0x000000000000d42c       0xe9 Drivers/STM32F0xx_HAL_Driver/Src/stm32f0xx_ll_exti.o
 .debug_macro   0x000000000000d515       0xfc Drivers/STM32F0xx_HAL_Driver/Src/stm32f0xx_ll_gpio.o
 .debug_macro   0x000000000000d611      0x119 Drivers/STM32F0xx_HAL_Driver/Src/stm32f0xx_ll_gpio.o
 .debug_macro   0x000000000000d72a       0xe1 Drivers/STM32F0xx_HAL_Driver/Src/stm32f0xx_ll_rcc.o
 .debug_macro   0x000000000000d80b      0x3e3 Drivers/STM32F0xx_HAL_Driver/Src/stm32f0xx_ll_rcc.o
 .debug_macro   0x000000000000dbee      0x145 Drivers/STM32F0xx_HAL_Driver/Src/stm32f0xx_ll_tim.o
 .debug_macro   0x000000000000dd33      0x5b7 Drivers/STM32F0xx_HAL_Driver/Src/stm32f0xx_ll_tim.o
 .debug_macro   0x000000000000e2ea      0x12f Drivers/STM32F0xx_HAL_Driver/Src/stm32f0xx_ll_usart.o
 .debug_macro   0x000000000000e419      0x2dc Drivers/STM32F0xx_HAL_Driver/Src/stm32f0xx_ll_usart.o
 .debug_macro   0x000000000000e6f5      0x129 Drivers/STM32F0xx_HAL_Driver/Src/stm32f0xx_ll_utils.o

.debug_line     0x0000000000000000     0x82b1
 .debug_line    0x0000000000000000      0xcb1 Core/Src/StepMotorLib.o
 .debug_line    0x0000000000000cb1      0x771 Core/Src/StepMotorParams.o
 .debug_line    0x0000000000001422      0x764 Core/Src/axis.o
 .debug_line    0x0000000000001b86      0x63b Core/Src/dma.o
 .debug_line    0x00000000000021c1      0x6ae Core/Src/gpio.o
 .debug_line    0x000000000000286f      0xab9 Core/Src/main.o
 .debug_line    0x0000000000003328      0x932 Core/Src/stm32f0xx_it.o
 .debug_line    0x0000000000003c5a      0x4ad Core/Src/system_stm32f0xx.o
 .debug_line    0x0000000000004107      0x90c Core/Src/tim.o
 .debug_line    0x0000000000004a13      0x9ce Core/Src/usart.o
 .debug_line    0x00000000000053e1       0x89 Core/Startup/startup_stm32f051r8tx.o
 .debug_line    0x000000000000546a      0x5d7 Drivers/STM32F0xx_HAL_Driver/Src/stm32f0xx_ll_exti.o
 .debug_line    0x0000000000005a41      0x61b Drivers/STM32F0xx_HAL_Driver/Src/stm32f0xx_ll_gpio.o
 .debug_line    0x000000000000605c      0x87a Drivers/STM32F0xx_HAL_Driver/Src/stm32f0xx_ll_rcc.o
 .debug_line    0x00000000000068d6      0xaa0 Drivers/STM32F0xx_HAL_Driver/Src/stm32f0xx_ll_tim.o
 .debug_line    0x0000000000007376      0x6ab Drivers/STM32F0xx_HAL_Driver/Src/stm32f0xx_ll_usart.o
 .debug_line    0x0000000000007a21      0x890 Drivers/STM32F0xx_HAL_Driver/Src/stm32f0xx_ll_utils.o

.debug_str      0x0000000000000000    0x47b5d
 .debug_str     0x0000000000000000    0x43a62 Core/Src/StepMotorLib.o
                                      0x43d45 (size before relaxing)
 .debug_str     0x0000000000043a62       0x76 Core/Src/StepMotorParams.o
                                      0x43241 (size before relaxing)
 .debug_str     0x0000000000043ad8       0x64 Core/Src/axis.o
                                      0x43217 (size before relaxing)
 .debug_str     0x0000000000043b3c      0x2bb Core/Src/dma.o
                                      0x3fb96 (size before relaxing)
 .debug_str     0x0000000000043df7      0x123 Core/Src/gpio.o
                                      0x3fa68 (size before relaxing)
 .debug_str     0x0000000000043f1a      0x286 Core/Src/main.o
                                      0x43572 (size before relaxing)
 .debug_str     0x00000000000441a0      0x1a8 Core/Src/stm32f0xx_it.o
                                      0x43404 (size before relaxing)
 .debug_str     0x0000000000044348       0x80 Core/Src/system_stm32f0xx.o
                                      0x369ea (size before relaxing)
 .debug_str     0x00000000000443c8      0x174 Core/Src/tim.o
                                      0x3fe21 (size before relaxing)
 .debug_str     0x000000000004453c      0x32e Core/Src/usart.o
                                      0x40062 (size before relaxing)
 .debug_str     0x000000000004486a       0x69 Core/Startup/startup_stm32f051r8tx.o
 .debug_str     0x00000000000448d3      0x35f Drivers/STM32F0xx_HAL_Driver/Src/stm32f0xx_ll_exti.o
                                      0x3719e (size before relaxing)
 .debug_str     0x0000000000044c32      0x4ea Drivers/STM32F0xx_HAL_Driver/Src/stm32f0xx_ll_gpio.o
                                      0x37c37 (size before relaxing)
 .debug_str     0x000000000004511c      0x3f3 Drivers/STM32F0xx_HAL_Driver/Src/stm32f0xx_ll_rcc.o
                                      0x38931 (size before relaxing)
 .debug_str     0x000000000004550f     0x1260 Drivers/STM32F0xx_HAL_Driver/Src/stm32f0xx_ll_tim.o
                                      0x3b33b (size before relaxing)
 .debug_str     0x000000000004676f      0x81f Drivers/STM32F0xx_HAL_Driver/Src/stm32f0xx_ll_usart.o
                                      0x3a4a1 (size before relaxing)
 .debug_str     0x0000000000046f8e      0xbcf Drivers/STM32F0xx_HAL_Driver/Src/stm32f0xx_ll_utils.o
                                      0x39f34 (size before relaxing)

.comment        0x0000000000000000       0x53
 .comment       0x0000000000000000       0x53 Core/Src/StepMotorLib.o
                                         0x54 (size before relaxing)
 .comment       0x0000000000000053       0x54 Core/Src/StepMotorParams.o
 .comment       0x0000000000000053       0x54 Core/Src/axis.o
 .comment       0x0000000000000053       0x54 Core/Src/dma.o
 .comment       0x0000000000000053       0x54 Core/Src/gpio.o
 .comment       0x0000000000000053       0x54 Core/Src/main.o
 .comment       0x0000000000000053       0x54 Core/Src/stm32f0xx_it.o
 .comment       0x0000000000000053       0x54 Core/Src/system_stm32f0xx.o
 .comment       0x0000000000000053       0x54 Core/Src/tim.o
 .comment       0x0000000000000053       0x54 Core/Src/usart.o
 .comment       0x0000000000000053       0x54 Drivers/STM32F0xx_HAL_Driver/Src/stm32f0xx_ll_exti.o
 .comment       0x0000000000000053       0x54 Drivers/STM32F0xx_HAL_Driver/Src/stm32f0xx_ll_gpio.o
 .comment       0x0000000000000053       0x54 Drivers/STM32F0xx_HAL_Driver/Src/stm32f0xx_ll_rcc.o
 .comment       0x0000000000000053       0x54 Drivers/STM32F0xx_HAL_Driver/Src/stm32f0xx_ll_tim.o
 .comment       0x0000000000000053       0x54 Drivers/STM32F0xx_HAL_Driver/Src/stm32f0xx_ll_usart.o
 .comment       0x0000000000000053       0x54 Drivers/STM32F0xx_HAL_Driver/Src/stm32f0xx_ll_utils.o

.debug_frame    0x0000000000000000     0x2100
 .debug_frame   0x0000000000000000      0x3c4 Core/Src/StepMotorLib.o
 .debug_frame   0x00000000000003c4       0x54 Core/Src/StepMotorParams.o
 .debug_frame   0x0000000000000418       0x74 Core/Src/axis.o
 .debug_frame   0x000000000000048c       0x8c Core/Src/dma.o
 .debug_frame   0x0000000000000518       0xf0 Core/Src/gpio.o
 .debug_frame   0x0000000000000608      0x328 Core/Src/main.o
 .debug_frame   0x0000000000000930      0x230 Core/Src/stm32f0xx_it.o
 .debug_frame   0x0000000000000b60       0x4c Core/Src/system_stm32f0xx.o
 .debug_frame   0x0000000000000bac      0x1b4 Core/Src/tim.o
 .debug_frame   0x0000000000000d60      0x350 Core/Src/usart.o
 .debug_frame   0x00000000000010b0      0x16c Drivers/STM32F0xx_HAL_Driver/Src/stm32f0xx_ll_exti.o
 .debug_frame   0x000000000000121c      0x170 Drivers/STM32F0xx_HAL_Driver/Src/stm32f0xx_ll_gpio.o
 .debug_frame   0x000000000000138c      0x358 Drivers/STM32F0xx_HAL_Driver/Src/stm32f0xx_ll_rcc.o
 .debug_frame   0x00000000000016e4      0x450 Drivers/STM32F0xx_HAL_Driver/Src/stm32f0xx_ll_tim.o
 .debug_frame   0x0000000000001b34      0x1d0 Drivers/STM32F0xx_HAL_Driver/Src/stm32f0xx_ll_usart.o
 .debug_frame   0x0000000000001d04      0x328 Drivers/STM32F0xx_HAL_Driver/Src/stm32f0xx_ll_utils.o
 .debug_frame   0x000000000000202c       0x20 /opt/st/stm32cubeide_1.6.1/plugins/com.st.stm32cube.ide.mcu.externaltools.gnu-tools-for-stm32.9-2020-q2-update.linux64_1.5.0.202011040924/tools/bin/../lib/gcc/arm-none-eabi/9.3.1/../../../../arm-none-eabi/lib/thumb/v6-m/nofp/libc_nano.a(lib_a-errno.o)
 .debug_frame   0x000000000000204c       0x2c /opt/st/stm32cubeide_1.6.1/plugins/com.st.stm32cube.ide.mcu.externaltools.gnu-tools-for-stm32.9-2020-q2-update.linux64_1.5.0.202011040924/tools/bin/../lib/gcc/arm-none-eabi/9.3.1/../../../../arm-none-eabi/lib/thumb/v6-m/nofp/libc_nano.a(lib_a-init.o)
 .debug_frame   0x0000000000002078       0x28 /opt/st/stm32cubeide_1.6.1/plugins/com.st.stm32cube.ide.mcu.externaltools.gnu-tools-for-stm32.9-2020-q2-update.linux64_1.5.0.202011040924/tools/bin/../lib/gcc/arm-none-eabi/9.3.1/../../../../arm-none-eabi/lib/thumb/v6-m/nofp/libc_nano.a(lib_a-memcpy-stub.o)
 .debug_frame   0x00000000000020a0       0x20 /opt/st/stm32cubeide_1.6.1/plugins/com.st.stm32cube.ide.mcu.externaltools.gnu-tools-for-stm32.9-2020-q2-update.linux64_1.5.0.202011040924/tools/bin/../lib/gcc/arm-none-eabi/9.3.1/../../../../arm-none-eabi/lib/thumb/v6-m/nofp/libc_nano.a(lib_a-memset.o)
 .debug_frame   0x00000000000020c0       0x20 /opt/st/stm32cubeide_1.6.1/plugins/com.st.stm32cube.ide.mcu.externaltools.gnu-tools-for-stm32.9-2020-q2-update.linux64_1.5.0.202011040924/tools/bin/../lib/gcc/arm-none-eabi/9.3.1/thumb/v6-m/nofp/libgcc.a(_udivsi3.o)
 .debug_frame   0x00000000000020e0       0x20 /opt/st/stm32cubeide_1.6.1/plugins/com.st.stm32cube.ide.mcu.externaltools.gnu-tools-for-stm32.9-2020-q2-update.linux64_1.5.0.202011040924/tools/bin/../lib/gcc/arm-none-eabi/9.3.1/thumb/v6-m/nofp/libgcc.a(_divsi3.o)
